Archive member included because of file (symbol)

C:/sw/prgm/Topfield/API/TF5000//libFireBird.a(ShowMessageWin.o)
                              FileSelectorDemo.o (ShowMessageWin)
C:/sw/prgm/Topfield/API/TF5000//libFireBird.a(ShowMessageWindow.o)
                              C:/sw/prgm/Topfield/API/TF5000//libFireBird.a(ShowMessageWin.o) (ShowMessageWindow)
C:/sw/prgm/Topfield/API/TF5000//libFireBird.a(FileSelector.o)
                              FileSelectorDemo.o (FileSelector)
C:/sw/prgm/Topfield/API/TF5000//libFireBird.a(MakeValidFileName.o)
                              C:/sw/prgm/Topfield/API/TF5000//libFireBird.a(FileSelector.o) (MakeValidFileName)
C:/sw/prgm/Topfield/API/TF5000//libFireBird.a(isLegalChar.o)
                              C:/sw/prgm/Topfield/API/TF5000//libFireBird.a(MakeValidFileName.o) (isLegalChar)
C:/sw/prgm/Topfield/API/TF5000//libFireBird.a(tapapifix_TF5000.o)
                              C:/sw/prgm/Topfield/API/TF5000//libFireBird.a(FileSelector.o) (InitTAPAPIFix)
C:/sw/prgm/Topfield/API/TF5000//libFireBird.a(EndMessageWin.o)
                              C:/sw/prgm/Topfield/API/TF5000//libFireBird.a(ShowMessageWindow.o) (EndMessageWin)
C:/sw/prgm/Topfield/API/TF5000//libFireBird.a(InitAudioPointers_TF5000.o)
                              C:/sw/prgm/Topfield/API/TF5000//libFireBird.a(tapapifix_TF5000.o) (pAudioTracks)
C:/sw/prgm/Topfield/API/TF5000//libFireBird.a(DialogEvent.o)
                              C:/sw/prgm/Topfield/API/TF5000//libFireBird.a(FileSelector.o) (DialogEvent)
C:/sw/prgm/Topfield/API/TF5000//libFireBird.a(DialogMsgBoxExit.o)
                              C:/sw/prgm/Topfield/API/TF5000//libFireBird.a(DialogEvent.o) (DialogMsgBoxExit)
C:/sw/prgm/Topfield/API/TF5000//libFireBird.a(DialogMsgBoxInit.o)
                              C:/sw/prgm/Topfield/API/TF5000//libFireBird.a(DialogEvent.o) (FBDialogMsgBox)
C:/sw/prgm/Topfield/API/TF5000//libFireBird.a(DialogMsgBoxTitleSet.o)
                              C:/sw/prgm/Topfield/API/TF5000//libFireBird.a(DialogMsgBoxInit.o) (DialogMsgBoxTitleSet)
C:/sw/prgm/Topfield/API/TF5000//libFireBird.a(DialogProfileCheck.o)
                              C:/sw/prgm/Topfield/API/TF5000//libFireBird.a(FileSelector.o) (DialogProfileCheck)
C:/sw/prgm/Topfield/API/TF5000//libFireBird.a(DialogProfileLoadMy.o)
                              C:/sw/prgm/Topfield/API/TF5000//libFireBird.a(FileSelector.o) (DialogProfileLoadMy)
C:/sw/prgm/Topfield/API/TF5000//libFireBird.a(DialogWindowCursorSet.o)
                              C:/sw/prgm/Topfield/API/TF5000//libFireBird.a(DialogEvent.o) (DialogWindowCursorSet)
C:/sw/prgm/Topfield/API/TF5000//libFireBird.a(DialogWindowExit.o)
                              C:/sw/prgm/Topfield/API/TF5000//libFireBird.a(FileSelector.o) (DialogWindowExit)
C:/sw/prgm/Topfield/API/TF5000//libFireBird.a(DialogWindowHide.o)
                              C:/sw/prgm/Topfield/API/TF5000//libFireBird.a(DialogWindowExit.o) (DialogWindowHide)
C:/sw/prgm/Topfield/API/TF5000//libFireBird.a(DialogWindowInfoDeleteAll.o)
                              C:/sw/prgm/Topfield/API/TF5000//libFireBird.a(DialogWindowExit.o) (DialogWindowInfoDeleteAll)
C:/sw/prgm/Topfield/API/TF5000//libFireBird.a(DialogWindowInit.o)
                              C:/sw/prgm/Topfield/API/TF5000//libFireBird.a(DialogEvent.o) (FBDialogWindow)
C:/sw/prgm/Topfield/API/TF5000//libFireBird.a(DialogWindowItemAdd.o)
                              C:/sw/prgm/Topfield/API/TF5000//libFireBird.a(FileSelector.o) (DialogWindowItemAdd)
C:/sw/prgm/Topfield/API/TF5000//libFireBird.a(DialogWindowItemChangeFlags.o)
                              C:/sw/prgm/Topfield/API/TF5000//libFireBird.a(DialogWindowItemAdd.o) (DialogWindowItemChangeFlags)
C:/sw/prgm/Topfield/API/TF5000//libFireBird.a(DialogWindowItemChangeIcon.o)
                              C:/sw/prgm/Topfield/API/TF5000//libFireBird.a(DialogWindowItemAdd.o) (DialogWindowItemChangeIcon)
C:/sw/prgm/Topfield/API/TF5000//libFireBird.a(DialogWindowItemChangeParameter.o)
                              C:/sw/prgm/Topfield/API/TF5000//libFireBird.a(DialogWindowItemAdd.o) (DialogWindowItemChangeParameter)
C:/sw/prgm/Topfield/API/TF5000//libFireBird.a(DialogWindowItemChangeValue.o)
                              C:/sw/prgm/Topfield/API/TF5000//libFireBird.a(DialogWindowItemAdd.o) (DialogWindowItemChangeValue)
C:/sw/prgm/Topfield/API/TF5000//libFireBird.a(DialogWindowItemDeleteAll.o)
                              C:/sw/prgm/Topfield/API/TF5000//libFireBird.a(FileSelector.o) (DialogWindowItemDeleteAll)
C:/sw/prgm/Topfield/API/TF5000//libFireBird.a(DialogWindowReInit.o)
                              C:/sw/prgm/Topfield/API/TF5000//libFireBird.a(FileSelector.o) (DialogWindowReInit)
C:/sw/prgm/Topfield/API/TF5000//libFireBird.a(DialogWindowRefresh.o)
                              C:/sw/prgm/Topfield/API/TF5000//libFireBird.a(FileSelector.o) (DialogWindowRefresh)
[...]
Memory Configuration

Name             Origin             Length             Attributes
*default*        0x0000000000000000 0xffffffffffffffff

Linker script and memory map


._tap_init_data
                0x0000000000000000      0x600
 *(._tap_header)
 ._tap_header   0x0000000000000000       0x20 C:/sw/prgm/Topfield/API/TF5000//libtap.a(init.o)
                0x0000000000000000                __tap_Header__
                0x0000000000000020                . = 0x20
 *(._tap_id)
 ._tap_id       0x0000000000000020        0x4 FileSelectorDemo.o
                0x0000000000000020                __tap_ud__
 *(._tap_ext_header)
                0x0000000000000040                . = 0x40
 *fill*         0x0000000000000024 0x10000001c 00
 *(._tap_program_name)
 ._tap_program_name
                0x0000000000000040       0x40 FileSelectorDemo.o
                0x0000000000000040                __tap_program_name__
                0x0000000000000080                . = 0x80
 *(._tap_author_name)
 ._tap_author_name
                0x0000000000000080       0x40 FileSelectorDemo.o
                0x0000000000000080                __tap_author_name__
                0x00000000000000c0                . = 0xc0
 *(._tap_description)
 ._tap_description
                0x00000000000000c0       0x80 FileSelectorDemo.o
                0x00000000000000c0                __tap_description__
                0x0000000000000140                . = 0x140
 *(._tap_etcinfo)
 ._tap_etcinfo  0x0000000000000140       0x40 FileSelectorDemo.o
                0x0000000000000140                __tap_etc_str__
                0x0000000000000200                . = 0x200
 *fill*         0x0000000000000180 0x100000080 00
 *(._tap_init_data)
 ._tap_init_data
                0x0000000000000200      0x400 C:/sw/prgm/Topfield/API/TF5000//libtap.a(init.o)
                0x0000000000000200                __startPoint

.text           0x0000000000000600    0x13158
 *(.text)
 .text          0x0000000000000600      0x1dc FileSelectorDemo.o
                0x0000000000000600                TAP_EventHandler
                0x00000000000007d4                TAP_Main
 .text          0x00000000000007dc       0x8c C:/sw/prgm/Topfield/API/TF5000//libFireBird.a(ShowMessageWin.o)
                0x00000000000007dc                ShowMessageWin
 .text          0x0000000000000868      0x588 C:/sw/prgm/Topfield/API/TF5000//libFireBird.a(ShowMessageWindow.o)
                0x0000000000000868                ShowMessageWindow
 .text          0x0000000000000df0     0x1660 C:/sw/prgm/Topfield/API/TF5000//libFireBird.a(FileSelector.o)
                0x0000000000000df0                FileSelectorFilterGet
                0x0000000000001fa8                FileSelectorHandle
                0x0000000000000eb8                FileSelectorFill
                0x0000000000001e8c                FileSelectorInitialize
                0x00000000000023b4                FileSelector
 .text          0x0000000000002450       0xdc C:/sw/prgm/Topfield/API/TF5000//libFireBird.a(MakeValidFileName.o)
                0x0000000000002450                MakeValidFileName
 .text          0x000000000000252c      0x148 C:/sw/prgm/Topfield/API/TF5000//libFireBird.a(isLegalChar.o)
                0x000000000000252c                isLegalChar
 .text          0x0000000000002674      0xc40 C:/sw/prgm/Topfield/API/TF5000//libFireBird.a(tapapifix_TF5000.o)
                0x0000000000002d28                Fixed_TAP_Channel_SetAudioTrack
                0x0000000000002938                Fixed_TAP_Hdd_Flen
                0x000000000000283c                Need_Flen_Adjust
                0x0000000000002674                Fixed_TAP_Hdd_GetPlayInfo
                0x0000000000003044                Fixed_TAP_Hdd_StopTs
                0x0000000000002afc                Fixed_TAP_Hdd_ChangeDir
                0x0000000000002df8                Fixed_TAP_Hdd_Delete
                0x0000000000003094                InitTAPAPIFix
                0x0000000000002f6c                Fixed_TAP_Hdd_Fopen
                0x0000000000002750                Fixed_TAP_Hdd_GetRecInfo
                0x0000000000002a00                Fixed_TAP_Hdd_Fseek
                0x0000000000002e9c                Fixed_TAP_Hdd_Fwrite
 .text          0x00000000000032b4       0x78 C:/sw/prgm/Topfield/API/TF5000//libFireBird.a(EndMessageWin.o)
                0x00000000000032b4                EndMessageWin
 .text          0x000000000000332c      0x24c C:/sw/prgm/Topfield/API/TF5000//libFireBird.a(InitAudioPointers_TF5000.o)
                0x000000000000332c                InitAudioPointers
 .text          0x0000000000003578      0x3f4 C:/sw/prgm/Topfield/API/TF5000//libFireBird.a(DialogEvent.o)
                0x0000000000003578                DialogEvent
 .text          0x000000000000396c      0x1c8 C:/sw/prgm/Topfield/API/TF5000//libFireBird.a(DialogMsgBoxExit.o)
                0x000000000000396c                DialogMsgBoxExit
 .text          0x0000000000003b34       0xdc C:/sw/prgm/Topfield/API/TF5000//libFireBird.a(DialogMsgBoxInit.o)
                0x0000000000003b34                DialogMsgBoxInit
 .text          0x0000000000003c10      0x100 C:/sw/prgm/Topfield/API/TF5000//libFireBird.a(DialogMsgBoxTitleSet.o)
                0x0000000000003c10                DialogMsgBoxTitleSet
 .text          0x0000000000003d10       0x98 C:/sw/prgm/Topfield/API/TF5000//libFireBird.a(DialogProfileCheck.o)
                0x0000000000003d10                DialogProfileCheck
 .text          0x0000000000003da8       0xfc C:/sw/prgm/Topfield/API/TF5000//libFireBird.a(DialogProfileLoadMy.o)
                0x0000000000003da8                DialogProfileLoadMy
 .text          0x0000000000003ea4      0x100 C:/sw/prgm/Topfield/API/TF5000//libFireBird.a(DialogWindowCursorSet.o)
                0x0000000000003ea4                DialogWindowCursorSet
 .text          0x0000000000003fa4      0x29c C:/sw/prgm/Topfield/API/TF5000//libFireBird.a(DialogWindowExit.o)
                0x0000000000003fa4                DialogWindowExit
 .text          0x0000000000004240      0x268 C:/sw/prgm/Topfield/API/TF5000//libFireBird.a(DialogWindowHide.o)
                0x0000000000004240                DialogWindowHide
 .text          0x00000000000044a8       0xa4 C:/sw/prgm/Topfield/API/TF5000//libFireBird.a(DialogWindowInfoDeleteAll.o)
                0x00000000000044a8                DialogWindowInfoDeleteAll
 .text          0x000000000000454c      0x2d8 C:/sw/prgm/Topfield/API/TF5000//libFireBird.a(DialogWindowInit.o)
                0x000000000000454c                DialogWindowInit
 .text          0x0000000000004824      0x16c C:/sw/prgm/Topfield/API/TF5000//libFireBird.a(DialogWindowItemAdd.o)
                0x0000000000004824                DialogWindowItemAdd
 .text          0x0000000000004990       0xe4 C:/sw/prgm/Topfield/API/TF5000//libFireBird.a(DialogWindowItemChangeFlags.o)
                0x0000000000004990                DialogWindowItemChangeFlags
 .text          0x0000000000004a74      0x104 C:/sw/prgm/Topfield/API/TF5000//libFireBird.a(DialogWindowItemChangeIcon.o)
                0x0000000000004a74                DialogWindowItemChangeIcon
 .text          0x0000000000004b78      0x154 C:/sw/prgm/Topfield/API/TF5000//libFireBird.a(DialogWindowItemChangeParameter.o)
                0x0000000000004b78                DialogWindowItemChangeParameter
 .text          0x0000000000004ccc      0x158 C:/sw/prgm/Topfield/API/TF5000//libFireBird.a(DialogWindowItemChangeValue.o)
                0x0000000000004ccc                DialogWindowItemChangeValue
 .text          0x0000000000004e24       0xd4 C:/sw/prgm/Topfield/API/TF5000//libFireBird.a(DialogWindowItemDeleteAll.o)
                0x0000000000004e24                DialogWindowItemDeleteAll
 .text          0x0000000000004ef8      0x588 C:/sw/prgm/Topfield/API/TF5000//libFireBird.a(DialogWindowReInit.o)
                0x0000000000004ef8                DialogWindowReInit
 .text          0x0000000000005480      0x77c C:/sw/prgm/Topfield/API/TF5000//libFireBird.a(DialogWindowRefresh.o)
                0x0000000000005480                DialogWindowRefresh
 .text          0x0000000000005bfc      0x188 C:/sw/prgm/Topfield/API/TF5000//libFireBird.a(DialogWindowScrollDown.o)
                0x0000000000005bfc                DialogWindowScrollDown
 .text          0x0000000000005d84      0x1b0 C:/sw/prgm/Topfield/API/TF5000//libFireBird.a(DialogWindowScrollDownPage.o)
                0x0000000000005d84                DialogWindowScrollDownPage
 .text          0x0000000000005f34      0x190 C:/sw/prgm/Topfield/API/TF5000//libFireBird.a(DialogWindowScrollUp.o)
                0x0000000000005f34                DialogWindowScrollUp
 .text          0x00000000000060c4      0x180 C:/sw/prgm/Topfield/API/TF5000//libFireBird.a(DialogWindowScrollUpPage.o)
                0x00000000000060c4                DialogWindowScrollUpPage
 .text          0x0000000000006244      0x244 C:/sw/prgm/Topfield/API/TF5000//libFireBird.a(DialogWindowShow.o)
                0x0000000000006244                DialogWindowShow
 .text          0x0000000000006488      0x110 C:/sw/prgm/Topfield/API/TF5000//libFireBird.a(DialogWindowTabulatorSet.o)
                0x0000000000006488                DialogWindowTabulatorSet
 .text          0x0000000000006598      0x134 C:/sw/prgm/Topfield/API/TF5000//libFireBird.a(DialogWindowTitleChange.o)
                0x0000000000006598                DialogWindowTitleChange
 .text          0x00000000000066cc       0xac C:/sw/prgm/Topfield/API/TF5000//libFireBird.a(DialogWindowTypeChange.o)
                0x00000000000066cc                DialogWindowTypeChange
 .text          0x0000000000006778      0x2b0 C:/sw/prgm/Topfield/API/TF5000//libFireBird.a(DrawMsgBoxButtons.o)
                0x0000000000006778                DrawMsgBoxButtons
 .text          0x0000000000006a28      0x5ec C:/sw/prgm/Topfield/API/TF5000//libFireBird.a(DrawMsgBoxTitle.o)
                0x0000000000006a28                DrawMsgBoxTitle
 .text          0x0000000000007014      0x350 C:/sw/prgm/Topfield/API/TF5000//libFireBird.a(DrawWindowBorder.o)
                0x0000000000007014                DrawWindowBorder
 .text          0x0000000000007364      0x4e0 C:/sw/prgm/Topfield/API/TF5000//libFireBird.a(DrawWindowInfo.o)
                0x0000000000007364                DrawWindowInfo
 .text          0x0000000000007844      0x7b4 C:/sw/prgm/Topfield/API/TF5000//libFireBird.a(DrawWindowLines.o)
                0x0000000000007844                DrawWindowLines
 .text          0x0000000000007ff8      0x3b0 C:/sw/prgm/Topfield/API/TF5000//libFireBird.a(DrawWindowScrollBar.o)
                0x0000000000007ff8                DrawWindowScrollBar
 .text          0x00000000000083a8      0x3e8 C:/sw/prgm/Topfield/API/TF5000//libFireBird.a(DrawWindowTitle.o)
                0x00000000000083a8                DrawWindowTitle
 .text          0x0000000000008790      0x18c C:/sw/prgm/Topfield/API/TF5000//libFireBird.a(HasEnoughItemMemory.o)
                0x0000000000008790                HasEnoughItemMemory
 .text          0x000000000000891c       0xb8 C:/sw/prgm/Topfield/API/TF5000//libFireBird.a(OSDLinesForeDirty.o)
                0x000000000000891c                OSDLinesForeDirty
 .text          0x00000000000089d4      0x194 C:/sw/prgm/Topfield/API/TF5000//libFireBird.a(ProfileInit.o)
                0x00000000000089d4                ProfileInit
 .text          0x0000000000008b68      0xa3c C:/sw/prgm/Topfield/API/TF5000//libFireBird.a(ProfileLoad.o)
                0x0000000000008b68                ProfileLoad
 .text          0x00000000000095a4       0xc0 C:/sw/prgm/Topfield/API/TF5000//libFireBird.a(ProfileMayReload.o)
                0x00000000000095a4                ProfileMayReload
 .text          0x0000000000009664       0xb0 C:/sw/prgm/Topfield/API/TF5000//libFireBird.a(WindowDirty.o)
                0x0000000000009664                WindowDirty
 .text          0x0000000000009714       0x98 C:/sw/prgm/Topfield/API/TF5000//libFireBird.a(HDD_GetClusterSize_TF5000.o)
                0x0000000000009714                HDD_GetClusterSize
 .text          0x00000000000097ac       0xb4 C:/sw/prgm/Topfield/API/TF5000//libFireBird.a(HDD_ReadSectorDMA_TF5000.o)
                0x00000000000097ac                HDD_ReadSectorDMA
 .text          0x0000000000009860       0xbc C:/sw/prgm/Topfield/API/TF5000//libFireBird.a(INICloseFile.o)
                0x0000000000009860                INICloseFile
 .text          0x000000000000991c      0x4b8 C:/sw/prgm/Topfield/API/TF5000//libFireBird.a(INIGetARGB.o)
                0x000000000000991c                INIGetARGB
 .text          0x0000000000009dd4      0x1d4 C:/sw/prgm/Topfield/API/TF5000//libFireBird.a(INIGetInt.o)
                0x0000000000009dd4                INIGetInt
 .text          0x0000000000009fa8      0x208 C:/sw/prgm/Topfield/API/TF5000//libFireBird.a(INILocateFile.o)
                0x0000000000009fa8                INILocateFile
 .text          0x000000000000a1b0      0x2dc C:/sw/prgm/Topfield/API/TF5000//libFireBird.a(INIOpenFile.o)
                0x000000000000a1b0                INIOpenFile
 .text          0x000000000000a48c       0xc0 C:/sw/prgm/Topfield/API/TF5000//libFireBird.a(ParseLine.o)
                0x000000000000a48c                ParseLine
 .text          0x000000000000a54c       0xc4 C:/sw/prgm/Topfield/API/TF5000//libFireBird.a(HDD_TAP_GetCurrentDirCluster_TF5000.o)
                0x000000000000a54c                HDD_TAP_GetCurrentDirCluster
 .text          0x000000000000a610      0x264 C:/sw/prgm/Topfield/API/TF5000//libFireBird.a(HDD_TAP_GetInfo_TF5000.o)
                0x000000000000a610                HDD_TAP_GetInfo
 .text          0x000000000000a874       0x8c C:/sw/prgm/Topfield/API/TF5000//libFireBird.a(HDD_TAP_PopDir_TF5000.o)
                0x000000000000a874                HDD_TAP_PopDir
 .text          0x000000000000a900       0xc0 C:/sw/prgm/Topfield/API/TF5000//libFireBird.a(HDD_TAP_PushDir_TF5000.o)
                0x000000000000a900                HDD_TAP_PushDir
 .text          0x000000000000a9c0      0x1b8 C:/sw/prgm/Topfield/API/TF5000//libFireBird.a(HDD_TAP_SetCurrentDirCluster_TF5000.o)
                0x000000000000a9c0                HDD_TAP_SetCurrentDirCluster
 .text          0x000000000000ab78      0x178 C:/sw/prgm/Topfield/API/TF5000//libFireBird.a(DrawOSDLine.o)
                0x000000000000ab78                DrawOSDLine
 .text          0x000000000000acf0       0xa8 C:/sw/prgm/Topfield/API/TF5000//libFireBird.a(FreeOSDRegion_TF5000.o)
                0x000000000000acf0                FreeOSDRegion
 .text          0x000000000000ad98       0x6c C:/sw/prgm/Topfield/API/TF5000//libFireBird.a(GetOSDRegionHeight_TF5000.o)
                0x000000000000ad98                GetOSDRegionHeight
 .text          0x000000000000ae04       0x6c C:/sw/prgm/Topfield/API/TF5000//libFireBird.a(GetOSDRegionWidth_TF5000.o)
                0x000000000000ae04                GetOSDRegionWidth
 .text          0x000000000000ae70      0x1d0 C:/sw/prgm/Topfield/API/TF5000//libFireBird.a(OSDCopy.o)
                0x000000000000ae70                OSDCopy
 .text          0x000000000000b040      0x300 C:/sw/prgm/Topfield/API/TF5000//libFireBird.a(TAP_Osd_PutFreeColorGd.o)
                0x000000000000b040                TAP_Osd_PutFreeColorGd
 .text          0x000000000000b340       0x80 C:/sw/prgm/Topfield/API/TF5000//libFireBird.a(isOSDRegionAlive_TF5000.o)
                0x000000000000b340                isOSDRegionAlive
 .text          0x000000000000b3c0      0xa38 C:/sw/prgm/Topfield/API/TF5000//libFireBird.a(BuildWindowBorder.o)
                0x000000000000b3c0                BuildWindowBorder
 .text          0x000000000000bdf8      0x6f0 C:/sw/prgm/Topfield/API/TF5000//libFireBird.a(BuildWindowInfo.o)
                0x000000000000bdf8                BuildWindowInfo
 .text          0x000000000000c4e8      0x31c C:/sw/prgm/Topfield/API/TF5000//libFireBird.a(BuildWindowLine.o)
                0x000000000000c4e8                BuildWindowLine
 .text          0x000000000000c804      0x308 C:/sw/prgm/Topfield/API/TF5000//libFireBird.a(BuildWindowLineSelected.o)
                0x000000000000c804                BuildWindowLineSelected
 .text          0x000000000000cb0c      0x2ac C:/sw/prgm/Topfield/API/TF5000//libFireBird.a(BuildWindowScrollBar.o)
                0x000000000000cb0c                BuildWindowScrollBar
 .text          0x000000000000cdb8      0x2c4 C:/sw/prgm/Topfield/API/TF5000//libFireBird.a(BuildWindowTitle.o)
                0x000000000000cdb8                BuildWindowTitle
 .text          0x000000000000d07c       0x68 C:/sw/prgm/Topfield/API/TF5000//libFireBird.a(CalcPrepare.o)
                0x000000000000d07c                CalcPrepare
 .text          0x000000000000d0e4      0x4d0 C:/sw/prgm/Topfield/API/TF5000//libFireBird.a(CalcTopIndex.o)
                0x000000000000d0e4                CalcTopIndex
 .text          0x000000000000d5b4       0xc8 C:/sw/prgm/Topfield/API/TF5000//libFireBird.a(CheckSelectable.o)
                0x000000000000d5b4                CheckSelectable
 .text          0x000000000000d67c      0xb50 C:/sw/prgm/Topfield/API/TF5000//libFireBird.a(DialogMsgBoxShow.o)
                0x000000000000d67c                DialogMsgBoxShow
 .text          0x000000000000e1cc       0x48 C:/sw/prgm/Topfield/API/TF5000//libFireBird.a(DialogProfileLoad.o)
                0x000000000000e1cc                DialogProfileLoad
 .text          0x000000000000e214      0x7ac C:/sw/prgm/Topfield/API/TF5000//libFireBird.a(DialogProfileSave.o)
                0x000000000000e214                DialogProfileSave
 .text          0x000000000000e9c0      0x248 C:/sw/prgm/Topfield/API/TF5000//libFireBird.a(DialogWindowAlpha.o)
                0x000000000000e9c0                DialogWindowAlpha
 .text          0x000000000000ec08      0xb0c C:/sw/prgm/Topfield/API/TF5000//libFireBird.a(DrawWindowLine.o)
                0x000000000000ec08                DrawWindowLine
 .text          0x000000000000f714       0xf0 C:/sw/prgm/Topfield/API/TF5000//libFireBird.a(ProfileDirty.o)
                0x000000000000f714                ProfileDirty
 .text          0x000000000000f804      0x154 C:/sw/prgm/Topfield/API/TF5000//libFireBird.a(HDD_ChangeDir_TF5000.o)
                0x000000000000f804                HDD_ChangeDir
 .text          0x000000000000f958      0x158 C:/sw/prgm/Topfield/API/TF5000//libFireBird.a(INIFindStartEnd.o)
                0x000000000000f958                INIFindStartEnd
 .text          0x000000000000fab0      0x2c8 C:/sw/prgm/Topfield/API/TF5000//libFireBird.a(INISaveFile.o)
                0x000000000000fab0                INISaveFile
 .text          0x000000000000fd78       0xb0 C:/sw/prgm/Topfield/API/TF5000//libFireBird.a(INISetARGB.o)
                0x000000000000fd78                INISetARGB
 .text          0x000000000000fe28       0x80 C:/sw/prgm/Topfield/API/TF5000//libFireBird.a(INISetInt.o)
                0x000000000000fe28                INISetInt
 .text          0x000000000000fea8      0x430 C:/sw/prgm/Topfield/API/TF5000//libFireBird.a(INISetString.o)
                0x000000000000fea8                INISetString
 .text          0x00000000000102d8       0xc0 C:/sw/prgm/Topfield/API/TF5000//libFireBird.a(FIS_vOSDMap_TF5000.o)
                0x00000000000102d8                FIS_vOSDMap
 .text          0x0000000000010398      0x2bc C:/sw/prgm/Topfield/API/TF5000//libFireBird.a(FindInstructionSequence_TF5000.o)
                0x0000000000010398                FindInstructionSequence
 .text          0x0000000000010654      0x3c8 C:/sw/prgm/Topfield/API/TF5000//libFireBird.a(InitTAPex.o)
                0x0000000000010654                InitTAPex
 .text          0x0000000000010a1c      0x154 C:/sw/prgm/Topfield/API/TF5000//libFireBird.a(stricstr.o)
                0x0000000000010a1c                stricstr
 .text          0x0000000000010b70      0x2ec C:/sw/prgm/Topfield/API/TF5000//libFireBird.a(FlashInitialize_TF5000.o)
                0x0000000000010b70                FlashInitialize
 .text          0x0000000000010e5c      0x104 C:/sw/prgm/Topfield/API/TF5000//libFireBird.a(ChangeDirRoot.o)
                0x0000000000010e5c                ChangeDirRoot
 .text          0x0000000000010f60       0x9c C:/sw/prgm/Topfield/API/TF5000//libFireBird.a(HDD_TouchFile_TF5000.o)
                0x0000000000010f60                HDD_TouchFile
 .text          0x0000000000010ffc      0x19c C:/sw/prgm/Topfield/API/TF5000//libFireBird.a(HDD_TruncateFile_TF5000.o)
                0x0000000000010ffc                HDD_TruncateFile
 .text          0x0000000000011198      0x158 C:/sw/prgm/Topfield/API/TF5000//libFireBird.a(FIS_GetGP_TF5000.o)
                0x0000000000011198                FIS_GetGP
 .text          0x00000000000112f0       0xa8 C:/sw/prgm/Topfield/API/TF5000//libFireBird.a(FIS_fwBIOS_TF5000.o)
                0x00000000000112f0                FIS_fwBIOS
 .text          0x0000000000011398       0xdc C:/sw/prgm/Topfield/API/TF5000//libFireBird.a(FIS_fwEnqueueEvent_TF5000.o)
                0x0000000000011398                FIS_fwEnqueueEvent
 .text          0x0000000000011474       0xec C:/sw/prgm/Topfield/API/TF5000//libFireBird.a(FIS_vFlash_TF5000.o)
                0x0000000000011474                FIS_vFlash
 .text          0x0000000000011560      0x110 C:/sw/prgm/Topfield/API/TF5000//libFireBird.a(FIS_vTAPTable_TF5000.o)
                0x0000000000011560                FIS_vTAPTable
 .text          0x0000000000011670       0xf0 C:/sw/prgm/Topfield/API/TF5000//libFireBird.a(FIS_vWD1_TF5000.o)
                0x0000000000011670                FIS_vWD1
 .text          0x0000000000011760      0x2e4 C:/sw/prgm/Topfield/API/TF5000//libFireBird.a(LoadFirmwareDat.o)
                0x0000000000011760                LoadFirmwareDat
 .text          0x0000000000011a44       0x9c C:/sw/prgm/Topfield/API/TF5000//libFireBird.a(HDD_SetFileDateTime_TF5000.o)
                0x0000000000011a44                HDD_SetFileDateTime
 .text          0x0000000000011ae0       0xd0 C:/sw/prgm/Topfield/gccForTF5000/usr/local/lib//libc.a(memcpy.o)
                0x0000000000011ae0                memcpy
 .text          0x0000000000011bb0      0x138 C:/sw/prgm/Topfield/gccForTF5000/usr/local/lib//libc.a(memmove.o)
                0x0000000000011bb0                memmove
 .text          0x0000000000011ce8       0xc0 C:/sw/prgm/Topfield/gccForTF5000/usr/local/lib//libc.a(memset.o)
                0x0000000000011ce8                memset
 .text          0x0000000000011da8       0xfc C:/sw/prgm/Topfield/gccForTF5000/usr/local/lib//libc.a(strcasecmp.o)
                0x0000000000011da8                strcasecmp
 .text          0x0000000000011ea4       0xd8 C:/sw/prgm/Topfield/gccForTF5000/usr/local/lib//libc.a(strcat.o)
                0x0000000000011ea4                strcat
 .text          0x0000000000011f7c      0x11c C:/sw/prgm/Topfield/gccForTF5000/usr/local/lib//libc.a(strchr.o)
                0x0000000000011f7c                strchr
 .text          0x0000000000012098       0xcc C:/sw/prgm/Topfield/gccForTF5000/usr/local/lib//libc.a(strcmp.o)
                0x0000000000012098                strcmp
 .text          0x0000000000012164       0xac C:/sw/prgm/Topfield/gccForTF5000/usr/local/lib//libc.a(strcpy.o)
                0x0000000000012164                strcpy
 .text          0x0000000000012210       0x94 C:/sw/prgm/Topfield/gccForTF5000/usr/local/lib//libc.a(strlen.o)
                0x0000000000012210                strlen
 .text          0x00000000000122a4      0x120 C:/sw/prgm/Topfield/gccForTF5000/usr/local/lib//libc.a(strncasecmp.o)
                0x00000000000122a4                strncasecmp
 .text          0x00000000000123c4      0x108 C:/sw/prgm/Topfield/gccForTF5000/usr/local/lib//libc.a(strncmp.o)
                0x00000000000123c4                strncmp
 .text          0x00000000000124cc       0xf0 C:/sw/prgm/Topfield/gccForTF5000/usr/local/lib//libc.a(strncpy.o)
                0x00000000000124cc                strncpy
 .text          0x00000000000125bc       0x9c C:/sw/prgm/Topfield/gccForTF5000/usr/local/lib//libc.a(strpbrk.o)
                0x00000000000125bc                strpbrk
 .text          0x0000000000012658       0xb4 C:/sw/prgm/Topfield/gccForTF5000/usr/local/lib//libc.a(strrchr.o)
                0x0000000000012658                strrchr
 .text          0x000000000001270c       0x94 C:/sw/prgm/Topfield/gccForTF5000/usr/local/lib//libc.a(strstr.o)
                0x000000000001270c                strstr
 .text          0x00000000000127a0      0x25c C:/sw/prgm/Topfield/gccForTF5000/usr/local/lib//libc.a(strtoul.o)
                0x000000000001299c                strtoul
                0x00000000000127a0                _strtoul_r
 .text          0x00000000000129fc      0xd5c C:/sw/prgm/Topfield/API/TF5000//libtap.a(init.o)
                0x0000000000012ad8                __errno
                0x00000000000129fc                abort
                0x0000000000012a04                TAP_Osd_PutGd
                0x0000000000012ae0                _initData
                0x0000000000012a8c                __builtin_new

.text_end       0x0000000000013758        0x4
 .text_end      0x0000000000013758        0x4 C:/sw/prgm/Topfield/API/TF5000//libtap.a(init.o)
                0x0000000000013758                _tap_textEnd

.rodata         0x000000000001375c      0xbee
 *(.rodata)
 .rodata        0x000000000001375c       0x13 FileSelectorDemo.o
 *fill*         0x000000000001376f 0x41519c00000001 00
 .rodata        0x0000000000013770        0x1 C:/sw/prgm/Topfield/API/TF5000//libFireBird.a(ShowMessageWindow.o)
 *fill*         0x0000000000013771 0x41519c00000007 00
 .rodata        0x0000000000013778      0x16c C:/sw/prgm/Topfield/API/TF5000//libFireBird.a(FileSelector.o)
 .rodata        0x00000000000138e4       0x22 C:/sw/prgm/Topfield/API/TF5000//libFireBird.a(tapapifix_TF5000.o)
 *fill*         0x0000000000013906 0x41519c00000002 00
 .rodata        0x0000000000013908      0x1e4 C:/sw/prgm/Topfield/API/TF5000//libFireBird.a(DialogEvent.o)
 .rodata        0x0000000000013aec        0xc C:/sw/prgm/Topfield/API/TF5000//libFireBird.a(DialogProfileLoadMy.o)
 .rodata        0x0000000000013af8       0x12 C:/sw/prgm/Topfield/API/TF5000//libFireBird.a(ProfileInit.o)
 *fill*         0x0000000000013b0a 0x41519c00000002 00
 .rodata        0x0000000000013b0c      0x195 C:/sw/prgm/Topfield/API/TF5000//libFireBird.a(ProfileLoad.o)
 *fill*         0x0000000000013ca1 0x41519c00000003 00
 .rodata        0x0000000000013ca4        0x2 C:/sw/prgm/Topfield/API/TF5000//libFireBird.a(INIGetARGB.o)
 *fill*         0x0000000000013ca6 0x41519c00000002 00
 .rodata        0x0000000000013ca8        0x2 C:/sw/prgm/Topfield/API/TF5000//libFireBird.a(INIGetInt.o)
 *fill*         0x0000000000013caa 0x41519c00000002 00
 .rodata        0x0000000000013cac       0x19 C:/sw/prgm/Topfield/API/TF5000//libFireBird.a(INILocateFile.o)
 *fill*         0x0000000000013cc5 0x41519c00000003 00
 .rodata        0x0000000000013cc8      0x1b2 C:/sw/prgm/Topfield/API/TF5000//libFireBird.a(DialogProfileSave.o)
 *fill*         0x0000000000013e7a 0x41519c00000006 00
 .rodata        0x0000000000013e80       0x18 C:/sw/prgm/Topfield/API/TF5000//libFireBird.a(DrawWindowLine.o)
 .rodata        0x0000000000013e98        0x2 C:/sw/prgm/Topfield/API/TF5000//libFireBird.a(HDD_ChangeDir_TF5000.o)
 *fill*         0x0000000000013e9a 0x41519c00000002 00
 .rodata        0x0000000000013e9c       0x19 C:/sw/prgm/Topfield/API/TF5000//libFireBird.a(INISaveFile.o)
 *fill*         0x0000000000013eb5 0x41519c00000003 00
 .rodata        0x0000000000013eb8       0x18 C:/sw/prgm/Topfield/API/TF5000//libFireBird.a(INISetARGB.o)
 .rodata        0x0000000000013ed0        0x3 C:/sw/prgm/Topfield/API/TF5000//libFireBird.a(INISetInt.o)
 *fill*         0x0000000000013ed3 0x41519c00000001 00
 .rodata        0x0000000000013ed4        0x7 C:/sw/prgm/Topfield/API/TF5000//libFireBird.a(INISetString.o)
 *fill*         0x0000000000013edb 0x41519c00000001 00
 .rodata        0x0000000000013edc       0x90 C:/sw/prgm/Topfield/API/TF5000//libFireBird.a(FIS_vOSDMap_TF5000.o)
 .rodata        0x0000000000013f6c       0x1d C:/sw/prgm/Topfield/API/TF5000//libFireBird.a(InitTAPex.o)
 *fill*         0x0000000000013f89 0x41519c00000003 00
 .rodata        0x0000000000013f8c        0xf C:/sw/prgm/Topfield/API/TF5000//libFireBird.a(ChangeDirRoot.o)
 *fill*         0x0000000000013f9b 0x41519c00000001 00
 .rodata        0x0000000000013f9c       0x90 C:/sw/prgm/Topfield/API/TF5000//libFireBird.a(FIS_fwBIOS_TF5000.o)
 .rodata        0x000000000001402c       0x5d C:/sw/prgm/Topfield/API/TF5000//libFireBird.a(FIS_fwEnqueueEvent_TF5000.o)
 *fill*         0x0000000000014089 0x41519c00000003 00
 .rodata        0x000000000001408c       0x5d C:/sw/prgm/Topfield/API/TF5000//libFireBird.a(FIS_vFlash_TF5000.o)
 *fill*         0x00000000000140e9 0x41519c00000003 00
 .rodata        0x00000000000140ec       0xa5 C:/sw/prgm/Topfield/API/TF5000//libFireBird.a(FIS_vWD1_TF5000.o)
 *fill*         0x0000000000014191 0x41519c00000003 00
 .rodata        0x0000000000014194        0xd C:/sw/prgm/Topfield/API/TF5000//libFireBird.a(LoadFirmwareDat.o)
 *fill*         0x00000000000141a1 0x41519c00000003 00
 .rodata        0x00000000000141a4      0x180 C:/sw/prgm/Topfield/gccForTF5000/usr/local/lib//libc.a(ctype_.o)
                0x0000000000014223                _ctype_
 .rodata        0x0000000000014324       0x26 C:/sw/prgm/Topfield/API/TF5000//libtap.a(init.o)
 *(.rodata.*)
 *(.gnu.linkonce.r*)

.rel.dyn

.data           0x000000000001434a     0x216a
                0x000000000001434a                _fdata = .
 *(.data)
 *fill*         0x000000000001434a 0x10c233800000002 00
 .data          0x000000000001434c        0x8 FileSelectorDemo.o
 .data          0x0000000000014354        0x4 C:/sw/prgm/Topfield/API/TF5000//libFireBird.a(ShowMessageWindow.o)
                0x0000000000014354                fbl_rgn
 .data          0x0000000000014358       0x88 C:/sw/prgm/Topfield/API/TF5000//libFireBird.a(FileSelector.o)
                0x0000000000014358                _FileSelectorDir_Cpm
                0x00000000000143d8                FileSelector_initialized
                0x00000000000143dc                Window
                0x00000000000143c8                _FileSelectorDir_Gd
 .data          0x00000000000143e0       0x30 C:/sw/prgm/Topfield/API/TF5000//libFireBird.a(tapapifix_TF5000.o)
                0x00000000000143e4                real_TAP_Hdd_GetRecInfo
                0x00000000000143e0                real_TAP_Hdd_GetPlayInfo
                0x00000000000143f4                real_TAP_Channel_SetAudioTrack
                0x00000000000143ec                real_TAP_Hdd_Fseek
                0x00000000000143f0                real_TAP_Hdd_ChangeDir
                0x0000000000014400                real_TAP_Hdd_Fopen
                0x0000000000014404                real_TAP_Hdd_StopTs
                0x0000000000014408                TAPAPIFixInitiated
                0x00000000000143f8                real_TAP_Hdd_Delete
                0x00000000000143e8                real_TAP_Hdd_Flen
                0x00000000000143fc                real_TAP_Hdd_Fwrite
 .data          0x0000000000014410        0x8 C:/sw/prgm/Topfield/API/TF5000//libFireBird.a(InitAudioPointers_TF5000.o)
                0x0000000000014414                RECShadow
                0x0000000000014410                pAudioTracks
 .data          0x0000000000014418        0x4 C:/sw/prgm/Topfield/API/TF5000//libFireBird.a(DialogMsgBoxInit.o)
                0x0000000000014418                FBDialogMsgBox
 .data          0x000000000001441c      0x670 C:/sw/prgm/Topfield/API/TF5000//libFireBird.a(DialogWindowInit.o)
                0x00000000000145f0                _Scroll_Cursor_Cpm
                0x0000000000014a88                FBDialogWindow
                0x000000000001457c                _Items_NoLinesNoIcons_Line_E_Cpm
                0x0000000000014658                _Scroll_End_Gd
                0x00000000000146cc                _InfoS_E_Gd
                0x00000000000145e0                _Scroll_Back_Gd
                0x0000000000014874                _Icon_Checkbox_Unchecked_Gd
                0x000000000001472c                _Icon_Checkbox_Checked_Cpm
                0x0000000000014628                _Scroll_End_Cpm
                0x000000000001454c                _Items_NoLinesNoIcons_Line_C_Cpm
                0x000000000001469c                _InfoS_E_Cpm
                0x0000000000014464                _Items_NoIcons_IconButton_Gd
                0x00000000000144a0                _Items_NoIcons_Line_C_Gd
                0x000000000001499c                _Icon_Wait_Gd
                0x000000000001468c                _InfoS_C_Gd
                0x0000000000014834                _Icon_Checkbox_Unchecked_Cpm
                0x0000000000014a78                _Icon_OK_Gd
                0x00000000000145b0                _Items_NoLinesNoIcons_Line_E_Gd
                0x0000000000014884                _Icon_Exclamation_Cpm
                0x0000000000014824                _Icon_Checkbox_Checked_Gd
                0x000000000001453c                _Items_NoLinesNoIcons_IconButton_Gd
                0x0000000000014474                _Items_NoIcons_Line_C_Cpm
                0x000000000001441c                _Items_NoIcons_IconButton_Cpm
                0x00000000000144fc                _Items_NoIcons_Line_E_Gd
                0x0000000000014900                _Icon_Exclamation_Gd
                0x00000000000146dc                _InfoS_W_Cpm
                0x00000000000144b0                _Items_NoIcons_Line_E_Cpm
                0x000000000001450c                _Items_NoLinesNoIcons_IconButton_Cpm
                0x00000000000145c0                _Scroll_Back_Cpm
                0x0000000000014910                _Icon_Wait_Cpm
                0x0000000000014618                _Scroll_Cursor_Gd
                0x0000000000014668                _InfoS_C_Cpm
                0x00000000000149ac                _Icon_OK_Cpm
                0x000000000001471c                _InfoS_W_Gd
                0x000000000001456c                _Items_NoLinesNoIcons_Line_C_Gd
 .data          0x0000000000014a8c      0xa9c C:/sw/prgm/Topfield/API/TF5000//libFireBird.a(DialogWindowReInit.o)
                0x000000000001531c                _Items_Line_E_Cpm
                0x00000000000151ac                _Title_E_Gd
                0x0000000000015378                _InfoN_C_Cpm
                0x0000000000015420                _InfoN_E_Gd
                0x0000000000014ff8                _Border_SW_Cpm
                0x00000000000154e4                _Info_W_Cpm
                0x00000000000150d0                _Title_C_Cpm
                0x0000000000014e1c                _Border_Info_E_Cpm
                0x0000000000014be0                _Border_NE_Gd
                0x00000000000154d4                _Info_C_Gd
                0x0000000000014d80                _Border_InfoN_E_Cpm
                0x0000000000014e0c                _Border_InfoN_W_Gd
                0x000000000001530c                _Items_Line_C_Gd
                0x00000000000153ac                _InfoN_C_Gd
                0x0000000000015430                _InfoN_W_Cpm
                0x00000000000152d0                _Items_IconButton_Gd
                0x0000000000015118                _Title_E_Cpm
                0x0000000000014d24                _Border_Items_E_Gd
                0x0000000000015254                _Title_W_Gd
                0x0000000000014ce4                _Border_Items_E_Cpm
                0x0000000000014fe8                _Border_SE_Gd
                0x0000000000014d70                _Border_Items_W_Gd
                0x0000000000014e68                _Border_Info_W_Cpm
                0x0000000000015368                _Items_Line_E_Gd
                0x0000000000014eb0                _Border_S_Cpm
                0x0000000000014bf0                _Border_NW_Cpm
                0x0000000000014ac8                _Border_N_Gd
                0x0000000000014a8c                _Border_N_Cpm
                0x00000000000154a4                _InfoN_W_Gd
                0x0000000000014dbc                _Border_InfoN_E_Gd
                0x0000000000014ad8                _Border_NE_Cpm
                0x00000000000153bc                _InfoN_E_Cpm
                0x0000000000014dcc                _Border_InfoN_W_Cpm
                0x00000000000154b4                _Info_C_Cpm
                0x00000000000150c0                _Border_SW_Gd
                0x0000000000014f00                _Border_SE_Cpm
                0x0000000000014ef0                _Border_S_Gd
                0x0000000000015518                _Info_W_Gd
                0x0000000000014cd4                _Border_NW_Gd
                0x0000000000014ea0                _Border_Info_W_Gd
                0x00000000000152e0                _Items_Line_C_Cpm
                0x0000000000014d34                _Border_Items_W_Cpm
                0x0000000000015108                _Title_C_Gd
                0x0000000000014e58                _Border_Info_E_Gd
                0x0000000000015264                _Items_IconButton_Cpm
                0x00000000000151bc                _Title_W_Cpm
 .data          0x0000000000015528        0x4 C:/sw/prgm/Topfield/API/TF5000//libFireBird.a(DrawWindowScrollBar.o)
 .data          0x000000000001552c        0x4 C:/sw/prgm/Topfield/API/TF5000//libFireBird.a(ProfileInit.o)
                0x000000000001552c                FBDialogProfile
 .data          0x0000000000015530        0x4 C:/sw/prgm/Topfield/API/TF5000//libFireBird.a(HDD_GetClusterSize_TF5000.o)
                0x0000000000015530                ClusterSize
 .data          0x0000000000015534        0x4 C:/sw/prgm/Topfield/API/TF5000//libFireBird.a(HDD_ReadSectorDMA_TF5000.o)
                0x0000000000015534                TAP_Hdd_ReadSectorDMA
 .data          0x0000000000015538        0xc C:/sw/prgm/Topfield/API/TF5000//libFireBird.a(INIOpenFile.o)
                0x0000000000015540                BufferSize
                0x000000000001553c                INICommentBuffer
                0x0000000000015538                INIBuffer
 .data          0x0000000000015544        0x4 C:/sw/prgm/Topfield/API/TF5000//libFireBird.a(HDD_TAP_PushDir_TF5000.o)
                0x0000000000015544                TAPDirStackDepth
 .data          0x0000000000015548      0xe30 C:/sw/prgm/Topfield/API/TF5000//libFireBird.a(DialogMsgBoxShow.o)
                0x0000000000015a00                _MsgBox_C_Border_Cpm
                0x0000000000015830                _MsgBox_W_Border_Gd
                0x0000000000015f1c                _MsgBox_E_Text_Gd
                0x0000000000015aa4                _MsgBox_C_Text_Cpm
                0x0000000000015e48                _MsgBox_E_Text_Cpm
                0x0000000000015f2c                _MsgBox_In_Cpm
                0x0000000000015bb0                _MsgBox_E_Title_Gd
                0x0000000000015b14                _MsgBox_C_Text_Gd
                0x0000000000015930                _MsgBox_W_Text_Gd
                0x0000000000015a94                _MsgBox_C_Border_Gd
                0x0000000000016368                _MsgBox_Out_Gd
                0x0000000000015e38                _MsgBox_E_Border_Gd
                0x0000000000015bc0                _MsgBox_E_SubTitle_Cpm
                0x0000000000015b24                _MsgBox_E_Title_Cpm
                0x00000000000159f0                _MsgBox_C_SubTitle_Gd
                0x00000000000159a0                _MsgBox_C_SubTitle_Cpm
                0x0000000000015990                _MsgBox_C_Title_Gd
                0x0000000000015c54                _MsgBox_E_Border_Cpm
                0x000000000001564c                _MsgBox_W_SubTitle_Gd
                0x00000000000155ec                _MsgBox_W_SubTitle_Cpm
                0x0000000000015c44                _MsgBox_E_SubTitle_Gd
                0x0000000000015840                _MsgBox_W_Text_Cpm
                0x0000000000015548                _MsgBox_W_Title_Cpm
                0x0000000000016120                _MsgBox_Out_Cpm
                0x00000000000155dc                _MsgBox_W_Title_Gd
                0x0000000000015940                _MsgBox_C_Title_Cpm
                0x0000000000016110                _MsgBox_In_Gd
                0x000000000001565c                _MsgBox_W_Border_Cpm
 .data          0x0000000000016378        0x4 C:/sw/prgm/Topfield/API/TF5000//libFireBird.a(FIS_vOSDMap_TF5000.o)
 .data          0x000000000001637c        0x8 C:/sw/prgm/Topfield/API/TF5000//libFireBird.a(InitTAPex.o)
                0x0000000000016380                LibInitialized
                0x000000000001637c                __fblib_version__
 .data          0x0000000000016384      0x108 C:/sw/prgm/Topfield/API/TF5000//libFireBird.a(FlashInitialize_TF5000.o)
                0x00000000000163c4                FlashBlockOffsetT
                0x0000000000016384                FlashBlockOffsetS
                0x0000000000016488                SystemType
                0x0000000000016484                FlashOffset
                0x0000000000016444                FlashBlockOffsetT5700
                0x0000000000016404                FlashBlockOffsetC
 .data          0x000000000001648c        0x8 C:/sw/prgm/Topfield/API/TF5000//libFireBird.a(FIS_GetGP_TF5000.o)
 .data          0x0000000000016494        0x4 C:/sw/prgm/Topfield/API/TF5000//libFireBird.a(FIS_fwBIOS_TF5000.o)
 .data          0x0000000000016498        0x4 C:/sw/prgm/Topfield/API/TF5000//libFireBird.a(FIS_fwEnqueueEvent_TF5000.o)
 .data          0x000000000001649c        0x4 C:/sw/prgm/Topfield/API/TF5000//libFireBird.a(FIS_vFlash_TF5000.o)
 .data          0x00000000000164a0        0x4 C:/sw/prgm/Topfield/API/TF5000//libFireBird.a(FIS_vTAPTable_TF5000.o)
 .data          0x00000000000164a4        0x4 C:/sw/prgm/Topfield/API/TF5000//libFireBird.a(FIS_vWD1_TF5000.o)
 .data          0x00000000000164a8        0x4 C:/sw/prgm/Topfield/API/TF5000//libFireBird.a(LoadFirmwareDat.o)
 .data          0x00000000000164ac        0x4 C:/sw/prgm/Topfield/gccForTF5000/usr/local/lib//libc.a(ctype_.o)
                0x00000000000164ac                __ctype_ptr
 .data          0x00000000000164b0        0x4 C:/sw/prgm/Topfield/API/TF5000//libFireBird.a(strtoul_TF5000.o)
                0x00000000000164b0                _impure_ptr
 *(.data.*)
 *(.gnu.linkonce.d*)

.ctors
 *(SORT(.ctors.*))
 *(.ctors)

.dtors
 *(SORT(.dtors.*))
 *(.dtors)
                0x00000000000164b4                _gp = .
                0x00000000000164b4                _GLOBAL_OFFSET_TABLE_ = .

.got            0x00000000000164b4      0x870
 *(.ref_start)
 .ref_start     0x00000000000164b4        0x4 C:/sw/prgm/Topfield/API/TF5000//libtap.a(init.o)
                0x00000000000164b4                _tap_gotStart
 *(*.got*)
 *fill*         0x00000000000164b8 0x10c233800000008 00
 .got           0x00000000000164c0      0x858 FileSelectorDemo.o
 *(*.xdata*)
 *(.ctors)
 *(.dtors)
 *(.fixup_start)
 .fixup_start   0x0000000000016d18        0x4 C:/sw/prgm/Topfield/API/TF5000//libtap.a(init.o)
                0x0000000000016d18                _tap_fixupStart
 *(.fixup)
 *(.dynamic)
 *(.fixup_end)
 .fixup_end     0x0000000000016d1c        0x4 C:/sw/prgm/Topfield/API/TF5000//libtap.a(init.o)
                0x0000000000016d1c                _tap_fixupEnd
 *(.ref_end)
 .ref_end       0x0000000000016d20        0x4 C:/sw/prgm/Topfield/API/TF5000//libtap.a(init.o)
                0x0000000000016d20                _tap_gotEnd

.rosdata
 *(.rosdata)

.sdata
 *(.sdata)
 *(.sdata.*)
 *(.gnu.linkonce.s.*)
                0x0000000000016d24                _edata = .
                0x0000000000016d24                PROVIDE (edata, .)
                0x0000000000016d24                __bss_start = .
                0x0000000000016d24                _fbss = .

.sbss           0x0000000000016d24      0x38c
 *(.dynsbss)
 *(.sbss)
 *(.sbss.*)
 *(.scommon)
 .scommon       0x0000000000016d24        0xc C:/sw/prgm/Topfield/API/TF5000//libFireBird.a(FileSelector.o)
                                          0x0 (size before relaxing)
                0x0000000000016d24                FileSelectorRegion
                0x0000000000016d28                FileSelectorWindow
                0x0000000000016d2c                FileSelectorFlags
 .scommon       0x0000000000016d30       0x44 C:/sw/prgm/Topfield/API/TF5000//libFireBird.a(DialogWindowInit.o)
                                          0x0 (size before relaxing)
                0x0000000000016d30                Scroll_End_Gd
                0x0000000000016d34                InfoS_W_Gd
                0x0000000000016d38                Items_NoLinesNoIcons_Line_C_Gd
                0x0000000000016d3c                Items_NoLinesNoIcons_IconButton_Gd
                0x0000000000016d40                Items_NoIcons_IconButton_Gd
                0x0000000000016d44                Icon_Checkbox_Checked_Gd
                0x0000000000016d48                Items_NoLinesNoIcons_Line_E_Gd
                0x0000000000016d4c                Items_NoIcons_Line_E_Gd
                0x0000000000016d50                Scroll_Cursor_Gd
                0x0000000000016d54                InfoS_C_Gd
                0x0000000000016d58                Scroll_Back_Gd
                0x0000000000016d5c                Icon_Wait_Gd
                0x0000000000016d60                Items_NoIcons_Line_C_Gd
                0x0000000000016d64                Icon_OK_Gd
                0x0000000000016d68                Icon_Checkbox_Unchecked_Gd
                0x0000000000016d6c                InfoS_E_Gd
                0x0000000000016d70                Icon_Exclamation_Gd
 .scommon       0x0000000000016d74       0x5c C:/sw/prgm/Topfield/API/TF5000//libFireBird.a(DialogWindowReInit.o)
                                          0x0 (size before relaxing)
                0x0000000000016d74                Border_Info_E_Gd
                0x0000000000016d78                Title_E_Gd
                0x0000000000016d7c                Border_InfoN_E_Gd
                0x0000000000016d80                Border_Items_E_Gd
                0x0000000000016d84                Title_W_Gd
                0x0000000000016d88                InfoN_E_Gd
                0x0000000000016d8c                Border_Info_W_Gd
                0x0000000000016d90                Border_NE_Gd
                0x0000000000016d94                Info_W_Gd
                0x0000000000016d98                InfoN_W_Gd
                0x0000000000016d9c                Info_C_Gd
                0x0000000000016da0                Border_N_Gd
                0x0000000000016da4                Items_Line_C_Gd
                0x0000000000016da8                Title_C_Gd
                0x0000000000016dac                Border_SW_Gd
                0x0000000000016db0                Border_S_Gd
                0x0000000000016db4                Border_InfoN_W_Gd
                0x0000000000016db8                InfoN_C_Gd
                0x0000000000016dbc                Items_IconButton_Gd
                0x0000000000016dc0                Border_NW_Gd
                0x0000000000016dc4                Border_SE_Gd
                0x0000000000016dc8                Border_Items_W_Gd
                0x0000000000016dcc                Items_Line_E_Gd
 .scommon       0x0000000000016dd0        0x8 C:/sw/prgm/Topfield/API/TF5000//libFireBird.a(CalcPrepare.o)
                                          0x0 (size before relaxing)
                0x0000000000016dd0                PrevTopItem
                0x0000000000016dd4                PrevSelItem
 .scommon       0x0000000000016dd8       0x38 C:/sw/prgm/Topfield/API/TF5000//libFireBird.a(DialogMsgBoxShow.o)
                                          0x0 (size before relaxing)
                0x0000000000016dd8                MsgBox_E_Title_Gd
                0x0000000000016ddc                MsgBox_C_Border_Gd
                0x0000000000016de0                MsgBox_E_Text_Gd
                0x0000000000016de4                MsgBox_Out_Gd
                0x0000000000016de8                MsgBox_C_Title_Gd
                0x0000000000016dec                MsgBox_In_Gd
                0x0000000000016df0                MsgBox_E_Border_Gd
                0x0000000000016df4                MsgBox_W_SubTitle_Gd
                0x0000000000016df8                MsgBox_E_SubTitle_Gd
                0x0000000000016dfc                MsgBox_W_Title_Gd
                0x0000000000016e00                MsgBox_C_Text_Gd
                0x0000000000016e04                MsgBox_W_Border_Gd
                0x0000000000016e08                MsgBox_C_SubTitle_Gd
                0x0000000000016e0c                MsgBox_W_Text_Gd
 .scommon       0x0000000000016e10       0x64 C:/sw/prgm/Topfield/API/TF5000//libFireBird.a(InitTAPex.o)
                                          0x0 (size before relaxing)
                0x0000000000016e10                FlashMemory_Settings
                0x0000000000016e14                pScalerSettingsUnk1
                0x0000000000016e18                FlashMemory_Defaults
                0x0000000000016e1c                TAPgp
                0x0000000000016e20                FWgp
                0x0000000000016e24                TAP_IndexAddress
                0x0000000000016e28                BIOSAddress
                0x0000000000016e2c                pWD3
                0x0000000000016e30                pWD4
                0x0000000000016e34                pFWWDBackup
                0x0000000000016e38                ApplID
                0x0000000000016e3c                TAP_TableAddress
                0x0000000000016e40                EnqueueEventAddress
                0x0000000000016e44                pScalerSettingsPIP
                0x0000000000016e48                pWD2
                0x0000000000016e4c                FlashMemory_Base
                0x0000000000016e50                pScalerSettingsMain
                0x0000000000016e54                pFWWD
                0x0000000000016e58                pWD1
                0x0000000000016e5c                Hardware_bff00000
                0x0000000000016e60                TAP_TableIndex
                0x0000000000016e64                FlashMemory_Firmware
                0x0000000000016e68                pWD5
                0x0000000000016e6c                pScalerSettingsUnk2
                0x0000000000016e70                SysID
 .scommon       0x0000000000016e74      0x23c C:/sw/prgm/Topfield/API/TF5000//libtap.a(init.o)
                                          0x0 (size before relaxing)
                0x0000000000016e74                TAP_ControlEit
                0x0000000000016e78                TAP_Usb_Write
                0x0000000000016e7c                TAP_Timer_Modify
                0x0000000000016e80                TAP_Hdd_StopRecord
                0x0000000000016e84                TAP_GetState
                0x0000000000016e88                TAP_Win_SetAvtice
                0x0000000000016e8c                TAP_Channel_Start
                0x0000000000016e90                TAP_Osd_SaveBox
                0x0000000000016e94                TAP_Vfd_GetStatus
                0x0000000000016e98                TAP_WriteSystemVar
                0x0000000000016e9c                TAP_Osd_DrawString
                0x0000000000016ea0                TAP_Osd_PutGd__
                0x0000000000016ea4                TAP_Osd_Draw3dBoxFill
                0x0000000000016ea8                TAP_Hdd_SetBookmark
                0x0000000000016eac                TAP_Channel_SetSubtitleTrack
                0x0000000000016eb0                TAP_Win_AddItem
                0x0000000000016eb4                TAP_Hdd_Rename
                0x0000000000016eb8                TAP_Timer_GetTotalNum
                0x0000000000016ebc                TAP_Osd_Zoom
                0x0000000000016ec0                TAP_Vfd_Control
                0x0000000000016ec4                TAP_Win_Action
                0x0000000000016ec8                TAP_Usb_Cancel
                0x0000000000016ecc                TAP_GetSystemProc
                0x0000000000016ed0                TAP_GetSystemVar
                0x0000000000016ed4                TAP_Hdd_Flen
                0x0000000000016ed8                TAP_MakeMjd
                0x0000000000016edc                TAP_GetCurrentEvent
                0x0000000000016ee0                TAP_SetBaudRate
                0x0000000000016ee4                TAP_Win_SetColor
                0x0000000000016ee8                TAP_Channel_GetAudioTrackName
                0x0000000000016eec                TAP_Channel_GetInfo
                0x0000000000016ef0                TAP_Win_Create
                0x0000000000016ef4                TAP_Channel_Move
                0x0000000000016ef8                TAP_Osd_GetBaseInfo
                0x0000000000016efc                TAP_Exit
                0x0000000000016f00                TAP_Channel_GetCurrent
                0x0000000000016f04                TAP_Usb_PacketRead
                0x0000000000016f08                TAP_Hdd_GetHddID
                0x0000000000016f0c                TAP_SetInfoboxTime
                0x0000000000016f10                TAP_GenerateEvent
                0x0000000000016f14                TAP_Delay
                0x0000000000016f18                TAP_Win_GetSelection
                0x0000000000016f1c                TAP_Hdd_PlayTs
                0x0000000000016f20                TAP_Vfd_SendData
                0x0000000000016f24                TAP_Channel_Scale
                0x0000000000016f28                TAP_Print
                0x0000000000016f2c                TAP_Hdd_Fseek
                0x0000000000016f30                TAP_Hdd_FreeSize
                0x0000000000016f34                TAP_Osd_GetPixel
                0x0000000000016f38                TAP_Hdd_FindNext
                0x0000000000016f3c                TAP_Win_SetDefaultColor
                0x0000000000016f40                TAP_ExitNormal
                0x0000000000016f44                TAP_PutByte
                0x0000000000016f48                TAP_Hdd_ChangeDir
                0x0000000000016f4c                TAP_Osd_SetLut
                0x0000000000016f50                TAP_Win_SetTitle
                0x0000000000016f54                TAP_SetSoundLevel
                0x0000000000016f58                TAP_SetSystemVar
                0x0000000000016f5c                TAP_EnterNormal
                0x0000000000016f60                TAP_Win_SetDrawItemFunc
                0x0000000000016f64                TAP_Channel_Stop
                0x0000000000016f68                TAP_PutEvent
                0x0000000000016f6c                TAP_Usb_PacketWrite
                0x0000000000016f70                TAP_Usb_Read
                0x0000000000016f74                TAP_Hdd_TotalSize
                0x0000000000016f78                TAP_Hdd_Fwrite
                0x0000000000016f7c                TAP_Channel_SetAudioTrack
                0x0000000000016f80                TAP_Osd_GetW
                0x0000000000016f84                TAP_PrintSys
                0x0000000000016f88                TAP_EPG_GetExtInfo
                0x0000000000016f8c                TAP_SetBk
                0x0000000000016f90                TAP_Channel_GetTotalAudioTrack
                0x0000000000016f94                TAP_Win_SetSelection
                0x0000000000016f98                TAP_Hdd_ChangePlaybackPos
                0x0000000000016f9c                TAP_EPG_UpdateEvent
                0x0000000000016fa0                TAP_Osd_PutBox
                0x0000000000016fa4                TAP_Osd_Create
                0x0000000000016fa8                TAP_Hdd_Fclose
                0x0000000000016fac                TAP_Win_Delete
                0x0000000000016fb0                TAP_Hdd_Create
                0x0000000000016fb4                TAP_Osd_Move
                0x0000000000016fb8                TAP_Hdd_FindFirst
                0x0000000000016fbc                TAP_Cos
                0x0000000000016fc0                TAP_GetSignalQuality
                0x0000000000016fc4                TAP_Win_Draw
                0x0000000000016fc8                TAP_EPG_DeleteEvent
                0x0000000000016fcc                TAP_GetTime
                0x0000000000016fd0                TAP_CaptureScreen
                0x0000000000016fd4                TAP_Hdd_Exist
                0x0000000000016fd8                TAP_Hdd_Delete
                0x0000000000016fdc                TAP_Win_SetFont
                0x0000000000016fe0                TAP_Channel_IsStarted
                0x0000000000016fe4                TAP_MemFree
                0x0000000000016fe8                TAP_GetCh
                0x0000000000016fec                TAP_PlayPCM
                0x0000000000016ff0                TAP_Hdd_Ftell
                0x0000000000016ff4                TAP_Channel_GetSubtitleTrackName
                0x0000000000016ff8                TAP_Timer_GetInfo
                0x0000000000016ffc                TAP_Timer_Delete
                0x0000000000017000                TAP_Osd_SetTransparency
                0x0000000000017004                TAP_Hdd_StartRecord
                0x0000000000017008                _tap_startAddr
                0x000000000001700c                TAP_KbHit
                0x0000000000017010                TAP_Osd_PutS
                0x0000000000017014                TAP_Channel_IsPlayable
                0x0000000000017018                TAP_Channel_GetFirstInfo
                0x000000000001701c                TAP_MemInfo
                0x0000000000017020                TAP_Channel_GetNextInfo
                0x0000000000017024                TAP_SPrint
                0x0000000000017028                TAP_Osd_RestoreBox
                0x000000000001702c                TAP_Osd_Ctrl
                0x0000000000017030                TAP_GetSignalLevel
                0x0000000000017034                TAP_Osd_DrawPixmap
                0x0000000000017038                TAP_SystemProc
                0x000000000001703c                _appl_version
                0x0000000000017040                TAP_PutCh
                0x0000000000017044                TAP_Hdd_GetRecInfo
                0x0000000000017048                TAP_Hdd_Fread
                0x000000000001704c                TAP_Osd_Delete
                0x0000000000017050                TAP_Hdd_Fopen
                0x0000000000017054                TAP_Timer_Add
                0x0000000000017058                TAP_Osd_FillBox
                0x000000000001705c                TAP_Channel_GetTotalNum
                0x0000000000017060                TAP_GetEvent
                0x0000000000017064                TAP_Hdd_GotoBookmark
                0x0000000000017068                TAP_Hdd_StopMp3
                0x000000000001706c                TAP_Channel_GetCurrentSubTV
                0x0000000000017070                TAP_Osd_DrawRectangle
                0x0000000000017074                TAP_ExtractMjd
                0x0000000000017078                TAP_Osd_PutStringAf
                0x000000000001707c                TAP_Osd_Draw3dBox
                0x0000000000017080                TAP_SysOsdControl
                0x0000000000017084                TAP_MemAlloc
                0x0000000000017088                TAP_Osd_PutPixel
                0x000000000001708c                TAP_Channel_GetTotalSubtitleTrack
                0x0000000000017090                TAP_Hdd_PlayMp3
                0x0000000000017094                TAP_Hdd_StopTs
                0x0000000000017098                TAP_Osd_GetBox
                0x000000000001709c                TAP_Sin
                0x00000000000170a0                TAP_Osd_PutString
                0x00000000000170a4                TAP_Osd_Copy
                0x00000000000170a8                TAP_Hdd_GetPlayInfo
                0x00000000000170ac                TAP_GetTick

.bss            0x00000000000170b0      0xd50
 *(.dynbss)
 *(.bss)
 .bss           0x00000000000170b0       0x64 FileSelectorDemo.o
 *fill*         0x0000000000017114 0x41519c00000004 00
 .bss           0x0000000000017118      0x2b4 C:/sw/prgm/Topfield/API/TF5000//libFireBird.a(tapapifix_TF5000.o)
 *fill*         0x00000000000173cc 0x41519c00000004 00
 .bss           0x00000000000173d0        0xc C:/sw/prgm/Topfield/API/TF5000//libFireBird.a(INISetARGB.o)
 *(.bss.*)
 *(COMMON)
 *fill*         0x00000000000173dc 0x10c233800000004 00
 COMMON         0x00000000000173e0      0x3a0 C:/sw/prgm/Topfield/API/TF5000//libFireBird.a(FileSelector.o)
                                          0x0 (size before relaxing)
                0x00000000000173e0                DialogProfile
                0x0000000000017430                DialogWindow
                0x0000000000017730                FileSelectorFilter
 COMMON         0x0000000000017780      0x200 C:/sw/prgm/Topfield/API/TF5000//libFireBird.a(HDD_GetClusterSize_TF5000.o)
                                          0x0 (size before relaxing)
                0x0000000000017780                HDDIOBuffer
 COMMON         0x0000000000017980       0x40 C:/sw/prgm/Topfield/API/TF5000//libFireBird.a(HDD_TAP_PushDir_TF5000.o)
                                          0x0 (size before relaxing)
                0x0000000000017980                TAPDirStack
 COMMON         0x00000000000179c0       0x40 C:/sw/prgm/Topfield/API/TF5000//libFireBird.a(FlashInitialize_TF5000.o)
                                          0x0 (size before relaxing)
                0x00000000000179c0                FlashBlockOffset
 COMMON         0x0000000000017a00      0x400 C:/sw/prgm/Topfield/API/TF5000//libFireBird.a(strtoul_TF5000.o)
                                          0x0 (size before relaxing)
                0x0000000000017a00                impure_data
                0x0000000000017e00                . = ALIGN (0x4)

.stab
 *(.stab)

.debug
 *(.debug)
                0x0000000000017e00                _end = .
                0x0000000000017e00                PROVIDE (end, .)
LOAD FileSelectorDemo.o
LOAD C:/sw/prgm/Topfield/API/TF5000//libFireBird.a
LOAD C:/sw/prgm/Topfield/gccForTF5000/usr/local/lib//libc.a
LOAD C:/sw/prgm/Topfield/API/TF5000//libtap.a
LOAD C:/sw/prgm/Topfield/gccForTF5000/usr/local/lib/gcc-lib/mips/2.95.3//libgcc.a
LOAD C:/sw/prgm/Topfield/API/TF5000//libFireBird.a
OUTPUT(FileSelectorDemo.elf elf32-bigmips)

.reginfo        0x0000000000000000       0x18
 .reginfo       0x0000000000000000       0x18 FileSelectorDemo.o

.mdebug         0x0000000000000000     0xc914
 .mdebug        0x0000000000000000      0x400 FileSelectorDemo.o
 .mdebug        0x0000000000000400      0x210 C:/sw/prgm/Topfield/API/TF5000//libFireBird.a(ShowMessageWin.o)
 .mdebug        0x0000000000000610      0x2f8 C:/sw/prgm/Topfield/API/TF5000//libFireBird.a(ShowMessageWindow.o)
 .mdebug        0x0000000000000908      0xa08 C:/sw/prgm/Topfield/API/TF5000//libFireBird.a(FileSelector.o)
 .mdebug        0x0000000000001310      0x228 C:/sw/prgm/Topfield/API/TF5000//libFireBird.a(MakeValidFileName.o)
 .mdebug        0x0000000000001538      0x1c8 C:/sw/prgm/Topfield/API/TF5000//libFireBird.a(isLegalChar.o)
 .mdebug        0x0000000000001700      0xd6c C:/sw/prgm/Topfield/API/TF5000//libFireBird.a(tapapifix_TF5000.o)
 .mdebug        0x000000000000246c      0x220 C:/sw/prgm/Topfield/API/TF5000//libFireBird.a(EndMessageWin.o)
 .mdebug        0x000000000000268c      0x288 C:/sw/prgm/Topfield/API/TF5000//libFireBird.a(InitAudioPointers_TF5000.o)
 .mdebug        0x0000000000002914      0x344 C:/sw/prgm/Topfield/API/TF5000//libFireBird.a(DialogEvent.o)
 .mdebug        0x0000000000002c58      0x2f4 C:/sw/prgm/Topfield/API/TF5000//libFireBird.a(DialogMsgBoxExit.o)
 .mdebug        0x0000000000002f4c      0x28c C:/sw/prgm/Topfield/API/TF5000//libFireBird.a(DialogMsgBoxInit.o)
 .mdebug        0x00000000000031d8      0x258 C:/sw/prgm/Topfield/API/TF5000//libFireBird.a(DialogMsgBoxTitleSet.o)
 .mdebug        0x0000000000003430      0x258 C:/sw/prgm/Topfield/API/TF5000//libFireBird.a(DialogProfileCheck.o)
 .mdebug        0x0000000000003688      0x29c C:/sw/prgm/Topfield/API/TF5000//libFireBird.a(DialogProfileLoadMy.o)
 .mdebug        0x0000000000003924      0x27c C:/sw/prgm/Topfield/API/TF5000//libFireBird.a(DialogWindowCursorSet.o)
 .mdebug        0x0000000000003ba0      0x298 C:/sw/prgm/Topfield/API/TF5000//libFireBird.a(DialogWindowExit.o)
 .mdebug        0x0000000000003e38      0x37c C:/sw/prgm/Topfield/API/TF5000//libFireBird.a(DialogWindowHide.o)
 .mdebug        0x00000000000041b4      0x248 C:/sw/prgm/Topfield/API/TF5000//libFireBird.a(DialogWindowInfoDeleteAll.o)
 .mdebug        0x00000000000043fc      0xabc C:/sw/prgm/Topfield/API/TF5000//libFireBird.a(DialogWindowInit.o)
 .mdebug        0x0000000000004eb8      0x2f0 C:/sw/prgm/Topfield/API/TF5000//libFireBird.a(DialogWindowItemAdd.o)
 .mdebug        0x00000000000051a8      0x230 C:/sw/prgm/Topfield/API/TF5000//libFireBird.a(DialogWindowItemChangeFlags.o)
 .mdebug        0x00000000000053d8      0x230 C:/sw/prgm/Topfield/API/TF5000//libFireBird.a(DialogWindowItemChangeIcon.o)
 .mdebug        0x0000000000005608      0x254 C:/sw/prgm/Topfield/API/TF5000//libFireBird.a(DialogWindowItemChangeParameter.o)
 .mdebug        0x000000000000585c      0x248 C:/sw/prgm/Topfield/API/TF5000//libFireBird.a(DialogWindowItemChangeValue.o)
 .mdebug        0x0000000000005aa4      0x244 C:/sw/prgm/Topfield/API/TF5000//libFireBird.a(DialogWindowItemDeleteAll.o)
 .mdebug        0x0000000000005ce8      0xa6c C:/sw/prgm/Topfield/API/TF5000//libFireBird.a(DialogWindowReInit.o)
 .mdebug        0x0000000000006754      0x2dc C:/sw/prgm/Topfield/API/TF5000//libFireBird.a(DialogWindowRefresh.o)
 .mdebug        0x0000000000006a30      0x2a0 C:/sw/prgm/Topfield/API/TF5000//libFireBird.a(DialogWindowScrollDown.o)
 .mdebug        0x0000000000006cd0      0x2cc C:/sw/prgm/Topfield/API/TF5000//libFireBird.a(DialogWindowScrollDownPage.o)
 .mdebug        0x0000000000006f9c      0x29c C:/sw/prgm/Topfield/API/TF5000//libFireBird.a(DialogWindowScrollUp.o)
 .mdebug        0x0000000000007238      0x2c8 C:/sw/prgm/Topfield/API/TF5000//libFireBird.a(DialogWindowScrollUpPage.o)
 .mdebug        0x0000000000007500      0x358 C:/sw/prgm/Topfield/API/TF5000//libFireBird.a(DialogWindowShow.o)
 .mdebug        0x0000000000007858      0x258 C:/sw/prgm/Topfield/API/TF5000//libFireBird.a(DialogWindowTabulatorSet.o)
 .mdebug        0x0000000000007ab0      0x23c C:/sw/prgm/Topfield/API/TF5000//libFireBird.a(DialogWindowTitleChange.o)
 .mdebug        0x0000000000007cec      0x224 C:/sw/prgm/Topfield/API/TF5000//libFireBird.a(DialogWindowTypeChange.o)
 .mdebug        0x0000000000007f10      0x2f8 C:/sw/prgm/Topfield/API/TF5000//libFireBird.a(DrawMsgBoxButtons.o)
 .mdebug        0x0000000000008208      0x394 C:/sw/prgm/Topfield/API/TF5000//libFireBird.a(DrawMsgBoxTitle.o)
 .mdebug        0x000000000000859c      0x2b8 C:/sw/prgm/Topfield/API/TF5000//libFireBird.a(DrawWindowBorder.o)
 .mdebug        0x0000000000008854      0x334 C:/sw/prgm/Topfield/API/TF5000//libFireBird.a(DrawWindowInfo.o)
 .mdebug        0x0000000000008b88      0x44c C:/sw/prgm/Topfield/API/TF5000//libFireBird.a(DrawWindowLines.o)
 .mdebug        0x0000000000008fd4      0x3e4 C:/sw/prgm/Topfield/API/TF5000//libFireBird.a(DrawWindowScrollBar.o)
 .mdebug        0x00000000000093b8      0x2cc C:/sw/prgm/Topfield/API/TF5000//libFireBird.a(DrawWindowTitle.o)
 .mdebug        0x0000000000009684      0x280 C:/sw/prgm/Topfield/API/TF5000//libFireBird.a(HasEnoughItemMemory.o)
 .mdebug        0x0000000000009904      0x214 C:/sw/prgm/Topfield/API/TF5000//libFireBird.a(OSDLinesForeDirty.o)
 .mdebug        0x0000000000009b18      0x2dc C:/sw/prgm/Topfield/API/TF5000//libFireBird.a(ProfileInit.o)
 .mdebug        0x0000000000009df4      0x2e4 C:/sw/prgm/Topfield/API/TF5000//libFireBird.a(ProfileLoad.o)
 .mdebug        0x000000000000a0d8      0x234 C:/sw/prgm/Topfield/API/TF5000//libFireBird.a(ProfileMayReload.o)
 .mdebug        0x000000000000a30c      0x200 C:/sw/prgm/Topfield/API/TF5000//libFireBird.a(WindowDirty.o)
 .mdebug        0x000000000000a50c      0x258 C:/sw/prgm/Topfield/API/TF5000//libFireBird.a(HDD_GetClusterSize_TF5000.o)
 .mdebug        0x000000000000a764      0x244 C:/sw/prgm/Topfield/API/TF5000//libFireBird.a(HDD_ReadSectorDMA_TF5000.o)
 .mdebug        0x000000000000a9a8      0x258 C:/sw/prgm/Topfield/API/TF5000//libFireBird.a(INICloseFile.o)
 .mdebug        0x000000000000ac00      0x2a8 C:/sw/prgm/Topfield/API/TF5000//libFireBird.a(INIGetARGB.o)
 .mdebug        0x000000000000aea8      0x274 C:/sw/prgm/Topfield/API/TF5000//libFireBird.a(INIGetInt.o)
 .mdebug        0x000000000000b11c      0x2a0 C:/sw/prgm/Topfield/API/TF5000//libFireBird.a(INILocateFile.o)
 .mdebug        0x000000000000b3bc      0x360 C:/sw/prgm/Topfield/API/TF5000//libFireBird.a(INIOpenFile.o)
 .mdebug        0x000000000000b71c      0x20c C:/sw/prgm/Topfield/API/TF5000//libFireBird.a(ParseLine.o)
 .mdebug        0x000000000000b928      0x294 C:/sw/prgm/Topfield/API/TF5000//libFireBird.a(HDD_TAP_GetCurrentDirCluster_TF5000.o)
 .mdebug        0x000000000000bbbc      0x280 C:/sw/prgm/Topfield/API/TF5000//libFireBird.a(HDD_TAP_GetInfo_TF5000.o)
 .mdebug        0x000000000000be3c      0x25c C:/sw/prgm/Topfield/API/TF5000//libFireBird.a(HDD_TAP_PopDir_TF5000.o)
 .mdebug        0x000000000000c098      0x260 C:/sw/prgm/Topfield/API/TF5000//libFireBird.a(HDD_TAP_PushDir_TF5000.o)
 .mdebug        0x000000000000c2f8      0x2d8 C:/sw/prgm/Topfield/API/TF5000//libFireBird.a(HDD_TAP_SetCurrentDirCluster_TF5000.o)
 .mdebug        0x000000000000c5d0      0x204 C:/sw/prgm/Topfield/API/TF5000//libFireBird.a(DrawOSDLine.o)
 .mdebug        0x000000000000c7d4      0x240 C:/sw/prgm/Topfield/API/TF5000//libFireBird.a(FreeOSDRegion_TF5000.o)
 .mdebug        0x000000000000ca14      0x218 C:/sw/prgm/Topfield/API/TF5000//libFireBird.a(GetOSDRegionHeight_TF5000.o)
 .mdebug        0x000000000000cc2c      0x218 C:/sw/prgm/Topfield/API/TF5000//libFireBird.a(GetOSDRegionWidth_TF5000.o)
 .mdebug        0x000000000000ce44      0x1f4 C:/sw/prgm/Topfield/API/TF5000//libFireBird.a(OSDCopy.o)
 .mdebug        0x000000000000d038      0x2dc C:/sw/prgm/Topfield/API/TF5000//libFireBird.a(TAP_Osd_PutFreeColorGd.o)
 .mdebug        0x000000000000d314      0x23c C:/sw/prgm/Topfield/API/TF5000//libFireBird.a(isOSDRegionAlive_TF5000.o)
 .mdebug        0x000000000000d550      0x428 C:/sw/prgm/Topfield/API/TF5000//libFireBird.a(BuildWindowBorder.o)
 .mdebug        0x000000000000d978      0x384 C:/sw/prgm/Topfield/API/TF5000//libFireBird.a(BuildWindowInfo.o)
 .mdebug        0x000000000000dcfc      0x41c C:/sw/prgm/Topfield/API/TF5000//libFireBird.a(BuildWindowLine.o)
 .mdebug        0x000000000000e118      0x434 C:/sw/prgm/Topfield/API/TF5000//libFireBird.a(BuildWindowLineSelected.o)
 .mdebug        0x000000000000e54c      0x33c C:/sw/prgm/Topfield/API/TF5000//libFireBird.a(BuildWindowScrollBar.o)
 .mdebug        0x000000000000e888      0x304 C:/sw/prgm/Topfield/API/TF5000//libFireBird.a(BuildWindowTitle.o)
 .mdebug        0x000000000000eb8c      0x238 C:/sw/prgm/Topfield/API/TF5000//libFireBird.a(CalcPrepare.o)
 .mdebug        0x000000000000edc4      0x260 C:/sw/prgm/Topfield/API/TF5000//libFireBird.a(CalcTopIndex.o)
 .mdebug        0x000000000000f024      0x20c C:/sw/prgm/Topfield/API/TF5000//libFireBird.a(CheckSelectable.o)
 .mdebug        0x000000000000f230      0x92c C:/sw/prgm/Topfield/API/TF5000//libFireBird.a(DialogMsgBoxShow.o)
 .mdebug        0x000000000000fb5c      0x210 C:/sw/prgm/Topfield/API/TF5000//libFireBird.a(DialogProfileLoad.o)
 .mdebug        0x000000000000fd6c      0x370 C:/sw/prgm/Topfield/API/TF5000//libFireBird.a(DialogProfileSave.o)
 .mdebug        0x00000000000100dc      0x274 C:/sw/prgm/Topfield/API/TF5000//libFireBird.a(DialogWindowAlpha.o)
 .mdebug        0x0000000000010350      0x464 C:/sw/prgm/Topfield/API/TF5000//libFireBird.a(DrawWindowLine.o)
 .mdebug        0x00000000000107b4      0x208 C:/sw/prgm/Topfield/API/TF5000//libFireBird.a(ProfileDirty.o)
 .mdebug        0x00000000000109bc      0x2ac C:/sw/prgm/Topfield/API/TF5000//libFireBird.a(HDD_ChangeDir_TF5000.o)
 .mdebug        0x0000000000010c68      0x238 C:/sw/prgm/Topfield/API/TF5000//libFireBird.a(INIFindStartEnd.o)
 .mdebug        0x0000000000010ea0      0x344 C:/sw/prgm/Topfield/API/TF5000//libFireBird.a(INISaveFile.o)
 .mdebug        0x00000000000111e4      0x240 C:/sw/prgm/Topfield/API/TF5000//libFireBird.a(INISetARGB.o)
 .mdebug        0x0000000000011424      0x214 C:/sw/prgm/Topfield/API/TF5000//libFireBird.a(INISetInt.o)
 .mdebug        0x0000000000011638      0x2e8 C:/sw/prgm/Topfield/API/TF5000//libFireBird.a(INISetString.o)
 .mdebug        0x0000000000011920      0x240 C:/sw/prgm/Topfield/API/TF5000//libFireBird.a(FIS_vOSDMap_TF5000.o)
 .mdebug        0x0000000000011b60      0x23c C:/sw/prgm/Topfield/API/TF5000//libFireBird.a(FindInstructionSequence_TF5000.o)
 .mdebug        0x0000000000011d9c      0x5e0 C:/sw/prgm/Topfield/API/TF5000//libFireBird.a(InitTAPex.o)
 .mdebug        0x000000000001237c      0x240 C:/sw/prgm/Topfield/API/TF5000//libFireBird.a(stricstr.o)
 .mdebug        0x00000000000125bc      0x350 C:/sw/prgm/Topfield/API/TF5000//libFireBird.a(FlashInitialize_TF5000.o)
 .mdebug        0x000000000001290c      0x260 C:/sw/prgm/Topfield/API/TF5000//libFireBird.a(ChangeDirRoot.o)
 .mdebug        0x0000000000012b6c      0x230 C:/sw/prgm/Topfield/API/TF5000//libFireBird.a(HDD_TouchFile_TF5000.o)
 .mdebug        0x0000000000012d9c      0x238 C:/sw/prgm/Topfield/API/TF5000//libFireBird.a(HDD_TruncateFile_TF5000.o)
 .mdebug        0x0000000000012fd4      0x244 C:/sw/prgm/Topfield/API/TF5000//libFireBird.a(FIS_GetGP_TF5000.o)
 .mdebug        0x0000000000013218      0x240 C:/sw/prgm/Topfield/API/TF5000//libFireBird.a(FIS_fwBIOS_TF5000.o)
 .mdebug        0x0000000000013458      0x268 C:/sw/prgm/Topfield/API/TF5000//libFireBird.a(FIS_fwEnqueueEvent_TF5000.o)
 .mdebug        0x00000000000136c0      0x258 C:/sw/prgm/Topfield/API/TF5000//libFireBird.a(FIS_vFlash_TF5000.o)
 .mdebug        0x0000000000013918      0x250 C:/sw/prgm/Topfield/API/TF5000//libFireBird.a(FIS_vTAPTable_TF5000.o)
 .mdebug        0x0000000000013b68      0x24c C:/sw/prgm/Topfield/API/TF5000//libFireBird.a(FIS_vWD1_TF5000.o)
 .mdebug        0x0000000000013db4      0x330 C:/sw/prgm/Topfield/API/TF5000//libFireBird.a(LoadFirmwareDat.o)
 .mdebug        0x00000000000140e4      0x1e8 C:/sw/prgm/Topfield/API/TF5000//libFireBird.a(HDD_SetFileDateTime_TF5000.o)
 .mdebug        0x00000000000142cc      0x1ac C:/sw/prgm/Topfield/gccForTF5000/usr/local/lib//libc.a(ctype_.o)
 .mdebug        0x0000000000014478      0x1bc C:/sw/prgm/Topfield/gccForTF5000/usr/local/lib//libc.a(memcpy.o)
 .mdebug        0x0000000000014634      0x1bc C:/sw/prgm/Topfield/gccForTF5000/usr/local/lib//libc.a(memmove.o)
 .mdebug        0x00000000000147f0      0x1bc C:/sw/prgm/Topfield/gccForTF5000/usr/local/lib//libc.a(memset.o)
 .mdebug        0x00000000000149ac      0x1f8 C:/sw/prgm/Topfield/gccForTF5000/usr/local/lib//libc.a(strcasecmp.o)
 .mdebug        0x0000000000014ba4      0x1ec C:/sw/prgm/Topfield/gccForTF5000/usr/local/lib//libc.a(strcat.o)
 .mdebug        0x0000000000014d90      0x1bc C:/sw/prgm/Topfield/gccForTF5000/usr/local/lib//libc.a(strchr.o)
 .mdebug        0x0000000000014f4c      0x1bc C:/sw/prgm/Topfield/gccForTF5000/usr/local/lib//libc.a(strcmp.o)
 .mdebug        0x0000000000015108      0x1bc C:/sw/prgm/Topfield/gccForTF5000/usr/local/lib//libc.a(strcpy.o)
 .mdebug        0x00000000000152c4      0x1bc C:/sw/prgm/Topfield/gccForTF5000/usr/local/lib//libc.a(strlen.o)
 .mdebug        0x0000000000015480      0x1fc C:/sw/prgm/Topfield/gccForTF5000/usr/local/lib//libc.a(strncasecmp.o)
 .mdebug        0x000000000001567c      0x1bc C:/sw/prgm/Topfield/gccForTF5000/usr/local/lib//libc.a(strncmp.o)
 .mdebug        0x0000000000015838      0x1bc C:/sw/prgm/Topfield/gccForTF5000/usr/local/lib//libc.a(strncpy.o)
 .mdebug        0x00000000000159f4      0x1bc C:/sw/prgm/Topfield/gccForTF5000/usr/local/lib//libc.a(strpbrk.o)
 .mdebug        0x0000000000015bb0      0x1ec C:/sw/prgm/Topfield/gccForTF5000/usr/local/lib//libc.a(strrchr.o)
 .mdebug        0x0000000000015d9c      0x1bc C:/sw/prgm/Topfield/gccForTF5000/usr/local/lib//libc.a(strstr.o)
 .mdebug        0x0000000000015f58      0x284 C:/sw/prgm/Topfield/gccForTF5000/usr/local/lib//libc.a(strtoul.o)
 .mdebug        0x00000000000161dc     0x176c C:/sw/prgm/Topfield/API/TF5000//libtap.a(init.o)
 .mdebug        0x0000000000017948      0x188 C:/sw/prgm/Topfield/API/TF5000//libFireBird.a(strtoul_TF5000.o)

Cross Reference Table

Symbol                                            File
ApplID                                            C:/sw/prgm/Topfield/API/TF5000//libFireBird.a(InitTAPex.o)
BIOSAddress                                       C:/sw/prgm/Topfield/API/TF5000//libFireBird.a(InitTAPex.o)
Border_InfoN_E_Gd                                 C:/sw/prgm/Topfield/API/TF5000//libFireBird.a(BuildWindowBorder.o)
                                                  C:/sw/prgm/Topfield/API/TF5000//libFireBird.a(DialogWindowReInit.o)
Border_InfoN_W_Gd                                 C:/sw/prgm/Topfield/API/TF5000//libFireBird.a(BuildWindowBorder.o)
                                                  C:/sw/prgm/Topfield/API/TF5000//libFireBird.a(DialogWindowReInit.o)
Border_Info_E_Gd                                  C:/sw/prgm/Topfield/API/TF5000//libFireBird.a(BuildWindowBorder.o)
                                                  C:/sw/prgm/Topfield/API/TF5000//libFireBird.a(DialogWindowReInit.o)
Border_Info_W_Gd                                  C:/sw/prgm/Topfield/API/TF5000//libFireBird.a(BuildWindowBorder.o)
                                                  C:/sw/prgm/Topfield/API/TF5000//libFireBird.a(DialogWindowReInit.o)
Border_Items_E_Gd                                 C:/sw/prgm/Topfield/API/TF5000//libFireBird.a(BuildWindowBorder.o)
                                                  C:/sw/prgm/Topfield/API/TF5000//libFireBird.a(DrawWindowScrollBar.o)
                                                  C:/sw/prgm/Topfield/API/TF5000//libFireBird.a(DrawWindowLines.o)
                                                  C:/sw/prgm/Topfield/API/TF5000//libFireBird.a(DialogWindowReInit.o)
Border_Items_W_Gd                                 C:/sw/prgm/Topfield/API/TF5000//libFireBird.a(BuildWindowBorder.o)
                                                  C:/sw/prgm/Topfield/API/TF5000//libFireBird.a(DrawWindowScrollBar.o)
                                                  C:/sw/prgm/Topfield/API/TF5000//libFireBird.a(DrawWindowLines.o)
                                                  C:/sw/prgm/Topfield/API/TF5000//libFireBird.a(DialogWindowReInit.o)
Border_NE_Gd                                      C:/sw/prgm/Topfield/API/TF5000//libFireBird.a(BuildWindowBorder.o)
                                                  C:/sw/prgm/Topfield/API/TF5000//libFireBird.a(DialogWindowReInit.o)
Border_NW_Gd                                      C:/sw/prgm/Topfield/API/TF5000//libFireBird.a(BuildWindowBorder.o)
                                                  C:/sw/prgm/Topfield/API/TF5000//libFireBird.a(DialogWindowReInit.o)
Border_N_Gd                                       C:/sw/prgm/Topfield/API/TF5000//libFireBird.a(BuildWindowBorder.o)
                                                  C:/sw/prgm/Topfield/API/TF5000//libFireBird.a(DialogWindowReInit.o)
Border_SE_Gd                                      C:/sw/prgm/Topfield/API/TF5000//libFireBird.a(BuildWindowBorder.o)
                                                  C:/sw/prgm/Topfield/API/TF5000//libFireBird.a(DialogWindowReInit.o)
Border_SW_Gd                                      C:/sw/prgm/Topfield/API/TF5000//libFireBird.a(BuildWindowBorder.o)
                                                  C:/sw/prgm/Topfield/API/TF5000//libFireBird.a(DialogWindowReInit.o)
Border_S_Gd                                       C:/sw/prgm/Topfield/API/TF5000//libFireBird.a(BuildWindowBorder.o)
                                                  C:/sw/prgm/Topfield/API/TF5000//libFireBird.a(DialogWindowReInit.o)
BufferSize                                        C:/sw/prgm/Topfield/API/TF5000//libFireBird.a(INIOpenFile.o)
                                                  C:/sw/prgm/Topfield/API/TF5000//libFireBird.a(INISetString.o)
                                                  C:/sw/prgm/Topfield/API/TF5000//libFireBird.a(INISaveFile.o)
                                                  C:/sw/prgm/Topfield/API/TF5000//libFireBird.a(DialogProfileSave.o)
                                                  C:/sw/prgm/Topfield/API/TF5000//libFireBird.a(INICloseFile.o)
                                                  C:/sw/prgm/Topfield/API/TF5000//libFireBird.a(ProfileLoad.o)
BuildWindowBorder                                 C:/sw/prgm/Topfield/API/TF5000//libFireBird.a(BuildWindowBorder.o)
                                                  C:/sw/prgm/Topfield/API/TF5000//libFireBird.a(DrawWindowBorder.o)
BuildWindowInfo                                   C:/sw/prgm/Topfield/API/TF5000//libFireBird.a(BuildWindowInfo.o)
                                                  C:/sw/prgm/Topfield/API/TF5000//libFireBird.a(DrawWindowInfo.o)
BuildWindowLine                                   C:/sw/prgm/Topfield/API/TF5000//libFireBird.a(BuildWindowLine.o)
                                                  C:/sw/prgm/Topfield/API/TF5000//libFireBird.a(DrawWindowLines.o)
BuildWindowLineSelected                           C:/sw/prgm/Topfield/API/TF5000//libFireBird.a(BuildWindowLineSelected.o)
                                                  C:/sw/prgm/Topfield/API/TF5000//libFireBird.a(DrawWindowLines.o)
BuildWindowScrollBar                              C:/sw/prgm/Topfield/API/TF5000//libFireBird.a(BuildWindowScrollBar.o)
                                                  C:/sw/prgm/Topfield/API/TF5000//libFireBird.a(DrawWindowScrollBar.o)
BuildWindowTitle                                  C:/sw/prgm/Topfield/API/TF5000//libFireBird.a(BuildWindowTitle.o)
                                                  C:/sw/prgm/Topfield/API/TF5000//libFireBird.a(DrawWindowTitle.o)
CalcPrepare                                       C:/sw/prgm/Topfield/API/TF5000//libFireBird.a(CalcPrepare.o)
                                                  C:/sw/prgm/Topfield/API/TF5000//libFireBird.a(DialogWindowScrollUpPage.o)
                                                  C:/sw/prgm/Topfield/API/TF5000//libFireBird.a(DialogWindowScrollUp.o)
                                                  C:/sw/prgm/Topfield/API/TF5000//libFireBird.a(DialogWindowScrollDownPage.o)
                                                  C:/sw/prgm/Topfield/API/TF5000//libFireBird.a(DialogWindowScrollDown.o)
                                                  C:/sw/prgm/Topfield/API/TF5000//libFireBird.a(DialogWindowCursorSet.o)
CalcTopIndex                                      C:/sw/prgm/Topfield/API/TF5000//libFireBird.a(CalcTopIndex.o)
                                                  C:/sw/prgm/Topfield/API/TF5000//libFireBird.a(DialogWindowScrollUpPage.o)
                                                  C:/sw/prgm/Topfield/API/TF5000//libFireBird.a(DialogWindowScrollUp.o)
                                                  C:/sw/prgm/Topfield/API/TF5000//libFireBird.a(DialogWindowScrollDownPage.o)
                                                  C:/sw/prgm/Topfield/API/TF5000//libFireBird.a(DialogWindowScrollDown.o)
                                                  C:/sw/prgm/Topfield/API/TF5000//libFireBird.a(DialogWindowCursorSet.o)
ChangeDirRoot                                     C:/sw/prgm/Topfield/API/TF5000//libFireBird.a(ChangeDirRoot.o)
                                                  C:/sw/prgm/Topfield/API/TF5000//libFireBird.a(HDD_ChangeDir_TF5000.o)
CheckSelectable                                   C:/sw/prgm/Topfield/API/TF5000//libFireBird.a(CheckSelectable.o)
                                                  C:/sw/prgm/Topfield/API/TF5000//libFireBird.a(DialogWindowScrollUpPage.o)
                                                  C:/sw/prgm/Topfield/API/TF5000//libFireBird.a(DialogWindowScrollDownPage.o)
ClusterSize                                       C:/sw/prgm/Topfield/API/TF5000//libFireBird.a(HDD_GetClusterSize_TF5000.o)
DialogEvent                                       C:/sw/prgm/Topfield/API/TF5000//libFireBird.a(DialogEvent.o)
                                                  C:/sw/prgm/Topfield/API/TF5000//libFireBird.a(FileSelector.o)
DialogMsgBoxExit                                  C:/sw/prgm/Topfield/API/TF5000//libFireBird.a(DialogMsgBoxExit.o)
                                                  C:/sw/prgm/Topfield/API/TF5000//libFireBird.a(DialogEvent.o)
DialogMsgBoxInit                                  C:/sw/prgm/Topfield/API/TF5000//libFireBird.a(DialogMsgBoxInit.o)
DialogMsgBoxShow                                  C:/sw/prgm/Topfield/API/TF5000//libFireBird.a(DialogMsgBoxShow.o)
DialogMsgBoxTitleSet                              C:/sw/prgm/Topfield/API/TF5000//libFireBird.a(DialogMsgBoxTitleSet.o)
                                                  C:/sw/prgm/Topfield/API/TF5000//libFireBird.a(DialogMsgBoxInit.o)
DialogProfile                                     C:/sw/prgm/Topfield/API/TF5000//libFireBird.a(FileSelector.o)
DialogProfileCheck                                C:/sw/prgm/Topfield/API/TF5000//libFireBird.a(DialogProfileCheck.o)
                                                  C:/sw/prgm/Topfield/API/TF5000//libFireBird.a(FileSelector.o)
DialogProfileLoad                                 C:/sw/prgm/Topfield/API/TF5000//libFireBird.a(DialogProfileLoad.o)
                                                  C:/sw/prgm/Topfield/API/TF5000//libFireBird.a(ProfileInit.o)
DialogProfileLoadMy                               C:/sw/prgm/Topfield/API/TF5000//libFireBird.a(DialogProfileLoadMy.o)
                                                  C:/sw/prgm/Topfield/API/TF5000//libFireBird.a(DialogProfileCheck.o)
                                                  C:/sw/prgm/Topfield/API/TF5000//libFireBird.a(FileSelector.o)
DialogProfileSave                                 C:/sw/prgm/Topfield/API/TF5000//libFireBird.a(DialogProfileSave.o)
                                                  C:/sw/prgm/Topfield/API/TF5000//libFireBird.a(ProfileInit.o)
DialogWindow                                      C:/sw/prgm/Topfield/API/TF5000//libFireBird.a(FileSelector.o)
DialogWindowAlpha                                 C:/sw/prgm/Topfield/API/TF5000//libFireBird.a(DialogWindowAlpha.o)
                                                  C:/sw/prgm/Topfield/API/TF5000//libFireBird.a(DialogWindowShow.o)
                                                  C:/sw/prgm/Topfield/API/TF5000//libFireBird.a(DialogWindowHide.o)
DialogWindowCursorSet                             C:/sw/prgm/Topfield/API/TF5000//libFireBird.a(DialogWindowCursorSet.o)
                                                  C:/sw/prgm/Topfield/API/TF5000//libFireBird.a(DialogEvent.o)
DialogWindowExit                                  C:/sw/prgm/Topfield/API/TF5000//libFireBird.a(DialogWindowExit.o)
                                                  C:/sw/prgm/Topfield/API/TF5000//libFireBird.a(FileSelector.o)
DialogWindowHide                                  C:/sw/prgm/Topfield/API/TF5000//libFireBird.a(DialogWindowHide.o)
                                                  C:/sw/prgm/Topfield/API/TF5000//libFireBird.a(DialogWindowExit.o)
DialogWindowInfoDeleteAll                         C:/sw/prgm/Topfield/API/TF5000//libFireBird.a(DialogWindowInfoDeleteAll.o)
                                                  C:/sw/prgm/Topfield/API/TF5000//libFireBird.a(DialogWindowExit.o)
DialogWindowInit                                  C:/sw/prgm/Topfield/API/TF5000//libFireBird.a(DialogWindowInit.o)
                                                  C:/sw/prgm/Topfield/API/TF5000//libFireBird.a(FileSelector.o)
DialogWindowItemAdd                               C:/sw/prgm/Topfield/API/TF5000//libFireBird.a(DialogWindowItemAdd.o)
                                                  C:/sw/prgm/Topfield/API/TF5000//libFireBird.a(FileSelector.o)
DialogWindowItemChangeFlags                       C:/sw/prgm/Topfield/API/TF5000//libFireBird.a(DialogWindowItemChangeFlags.o)
                                                  C:/sw/prgm/Topfield/API/TF5000//libFireBird.a(DialogWindowItemAdd.o)
DialogWindowItemChangeIcon                        C:/sw/prgm/Topfield/API/TF5000//libFireBird.a(DialogWindowItemChangeIcon.o)
                                                  C:/sw/prgm/Topfield/API/TF5000//libFireBird.a(DialogWindowItemAdd.o)
DialogWindowItemChangeParameter                   C:/sw/prgm/Topfield/API/TF5000//libFireBird.a(DialogWindowItemChangeParameter.o)
                                                  C:/sw/prgm/Topfield/API/TF5000//libFireBird.a(DialogWindowItemAdd.o)
DialogWindowItemChangeValue                       C:/sw/prgm/Topfield/API/TF5000//libFireBird.a(DialogWindowItemChangeValue.o)
                                                  C:/sw/prgm/Topfield/API/TF5000//libFireBird.a(DialogWindowItemAdd.o)
DialogWindowItemDeleteAll                         C:/sw/prgm/Topfield/API/TF5000//libFireBird.a(DialogWindowItemDeleteAll.o)
                                                  C:/sw/prgm/Topfield/API/TF5000//libFireBird.a(FileSelector.o)
DialogWindowReInit                                C:/sw/prgm/Topfield/API/TF5000//libFireBird.a(DialogWindowReInit.o)
                                                  C:/sw/prgm/Topfield/API/TF5000//libFireBird.a(DialogWindowInit.o)
                                                  C:/sw/prgm/Topfield/API/TF5000//libFireBird.a(FileSelector.o)
DialogWindowRefresh                               C:/sw/prgm/Topfield/API/TF5000//libFireBird.a(DialogWindowRefresh.o)
                                                  C:/sw/prgm/Topfield/API/TF5000//libFireBird.a(DialogWindowShow.o)
                                                  C:/sw/prgm/Topfield/API/TF5000//libFireBird.a(DialogWindowScrollUpPage.o)
                                                  C:/sw/prgm/Topfield/API/TF5000//libFireBird.a(DialogWindowScrollUp.o)
                                                  C:/sw/prgm/Topfield/API/TF5000//libFireBird.a(DialogWindowScrollDownPage.o)
                                                  C:/sw/prgm/Topfield/API/TF5000//libFireBird.a(DialogWindowScrollDown.o)
                                                  C:/sw/prgm/Topfield/API/TF5000//libFireBird.a(DialogWindowCursorSet.o)
                                                  C:/sw/prgm/Topfield/API/TF5000//libFireBird.a(FileSelector.o)
DialogWindowScrollDown                            C:/sw/prgm/Topfield/API/TF5000//libFireBird.a(DialogWindowScrollDown.o)
                                                  C:/sw/prgm/Topfield/API/TF5000//libFireBird.a(DialogEvent.o)
DialogWindowScrollDownPage                        C:/sw/prgm/Topfield/API/TF5000//libFireBird.a(DialogWindowScrollDownPage.o)
                                                  C:/sw/prgm/Topfield/API/TF5000//libFireBird.a(DialogEvent.o)
DialogWindowScrollUp                              C:/sw/prgm/Topfield/API/TF5000//libFireBird.a(DialogWindowScrollUp.o)
                                                  C:/sw/prgm/Topfield/API/TF5000//libFireBird.a(DialogEvent.o)
DialogWindowScrollUpPage                          C:/sw/prgm/Topfield/API/TF5000//libFireBird.a(DialogWindowScrollUpPage.o)
                                                  C:/sw/prgm/Topfield/API/TF5000//libFireBird.a(DialogEvent.o)
DialogWindowShow                                  C:/sw/prgm/Topfield/API/TF5000//libFireBird.a(DialogWindowShow.o)
                                                  C:/sw/prgm/Topfield/API/TF5000//libFireBird.a(FileSelector.o)
DialogWindowTabulatorSet                          C:/sw/prgm/Topfield/API/TF5000//libFireBird.a(DialogWindowTabulatorSet.o)
                                                  C:/sw/prgm/Topfield/API/TF5000//libFireBird.a(DialogWindowInit.o)
DialogWindowTitleChange                           C:/sw/prgm/Topfield/API/TF5000//libFireBird.a(DialogWindowTitleChange.o)
                                                  C:/sw/prgm/Topfield/API/TF5000//libFireBird.a(DialogWindowInit.o)
DialogWindowTypeChange                            C:/sw/prgm/Topfield/API/TF5000//libFireBird.a(DialogWindowTypeChange.o)
                                                  C:/sw/prgm/Topfield/API/TF5000//libFireBird.a(DialogWindowInit.o)
DrawMsgBoxButtons                                 C:/sw/prgm/Topfield/API/TF5000//libFireBird.a(DrawMsgBoxButtons.o)
                                                  C:/sw/prgm/Topfield/API/TF5000//libFireBird.a(DialogMsgBoxShow.o)
                                                  C:/sw/prgm/Topfield/API/TF5000//libFireBird.a(DialogEvent.o)
DrawMsgBoxTitle                                   C:/sw/prgm/Topfield/API/TF5000//libFireBird.a(DrawMsgBoxTitle.o)
                                                  C:/sw/prgm/Topfield/API/TF5000//libFireBird.a(DialogMsgBoxShow.o)
                                                  C:/sw/prgm/Topfield/API/TF5000//libFireBird.a(DialogMsgBoxTitleSet.o)
DrawOSDLine                                       C:/sw/prgm/Topfield/API/TF5000//libFireBird.a(DrawOSDLine.o)
                                                  C:/sw/prgm/Topfield/API/TF5000//libFireBird.a(DrawWindowLine.o)
                                                  C:/sw/prgm/Topfield/API/TF5000//libFireBird.a(DrawWindowLines.o)
DrawWindowBorder                                  C:/sw/prgm/Topfield/API/TF5000//libFireBird.a(DrawWindowBorder.o)